Startpoint: _37178_ (rising edge-triggered flip-flop clocked by clk)
Endpoint: _37178_ (rising edge-triggered flip-flop clocked by clk)
Path Group: clk
Path Type: min

Fanout     Cap    Slew   Delay    Time   Description
-----------------------------------------------------------------------------
                  0.00    0.00    0.00   clock clk (rise edge)
                          0.00    0.00   clock network delay (ideal)
                  0.00    0.00    0.00 ^ _37178_/CLK (sky130_fd_sc_hd__dfxtp_2)
                  0.01    0.17    0.17 ^ _37178_/Q (sky130_fd_sc_hd__dfxtp_2)
     2    0.00                           cpuregs[0][19] (net)
                  0.01    0.00    0.17 ^ _21455_/A (sky130_fd_sc_hd__buf_1)
                  0.03    0.04    0.21 ^ _21455_/X (sky130_fd_sc_hd__buf_1)
     1    0.00                           _02854_ (net)
                  0.03    0.00    0.21 ^ _37178_/D (sky130_fd_sc_hd__dfxtp_2)
                                  0.21   data arrival time

                  0.00    0.00    0.00   clock clk (rise edge)
                          0.00    0.00   clock network delay (ideal)
                          0.00    0.00   clock reconvergence pessimism
                                  0.00 ^ _37178_/CLK (sky130_fd_sc_hd__dfxtp_2)
                         -0.02   -0.02   library hold time
                                 -0.02   data required time
-----------------------------------------------------------------------------
                                 -0.02   data required time
                                 -0.21   data arrival time
-----------------------------------------------------------------------------
                                  0.23   slack (MET)


Startpoint: _38386_ (rising edge-triggered flip-flop clocked by clk)
Endpoint: _38313_ (rising edge-triggered flip-flop clocked by clk)
Path Group: clk
Path Type: max

Fanout     Cap    Slew   Delay    Time   Description
-----------------------------------------------------------------------------
                  0.00    0.00    0.00   clock clk (rise edge)
                          0.00    0.00   clock network delay (ideal)
                  0.00    0.00    0.00 ^ _38386_/CLK (sky130_fd_sc_hd__dfxtp_2)
                  0.43    0.89    0.89 ^ _38386_/Q (sky130_fd_sc_hd__dfxtp_2)
    33    0.05                           latched_stalu (net)
                  0.43    0.00    0.89 ^ _36287_/S (sky130_fd_sc_hd__mux2_1)
                  0.14    0.85    1.74 v _36287_/X (sky130_fd_sc_hd__mux2_1)
     2    0.01                           _00293_ (net)
                  0.14    0.00    1.74 v _36286_/A1 (sky130_fd_sc_hd__mux2_1)
                  0.11    0.67    2.41 v _36286_/X (sky130_fd_sc_hd__mux2_1)
     1    0.00                           _00294_ (net)
                  0.11    0.00    2.41 v _22616_/B (sky130_fd_sc_hd__and2_2)
                  0.07    0.40    2.81 v _22616_/X (sky130_fd_sc_hd__and2_2)
     1    0.00                           _00295_ (net)
                  0.07    0.00    2.81 v _35577_/A0 (sky130_fd_sc_hd__mux2_1)
                  0.12    0.64    3.45 v _35577_/X (sky130_fd_sc_hd__mux2_1)
     4    0.00                           _02560_ (net)
                  0.12    0.00    3.45 v _23009_/A (sky130_fd_sc_hd__xnor2_2)
                  0.08    0.23    3.68 v _23009_/Y (sky130_fd_sc_hd__xnor2_2)
     2    0.00                           _18034_ (net)
                  0.08    0.00    3.68 v _23014_/A_N (sky130_fd_sc_hd__nand3b_2)
                  0.25    0.53    4.21 v _23014_/Y (sky130_fd_sc_hd__nand3b_2)
     2    0.01                           _18036_ (net)
                  0.25    0.00    4.21 v _23021_/A2_N (sky130_fd_sc_hd__o2bb2ai_2)
                  0.12    0.33    4.54 v _23021_/Y (sky130_fd_sc_hd__o2bb2ai_2)
     2    0.01                           _18041_ (net)
                  0.12    0.00    4.54 v _23029_/A2_N (sky130_fd_sc_hd__o2bb2ai_2)
                  0.09    0.24    4.79 v _23029_/Y (sky130_fd_sc_hd__o2bb2ai_2)
     1    0.00                           _18047_ (net)
                  0.09    0.00    4.79 v _23030_/B1 (sky130_fd_sc_hd__o21ai_2)
                  0.34    0.16    4.95 ^ _23030_/Y (sky130_fd_sc_hd__o21ai_2)
     2    0.01                           _18048_ (net)
                  0.34    0.00    4.95 ^ _23037_/B1 (sky130_fd_sc_hd__o21ai_2)
                  0.11    0.20    5.15 v _23037_/Y (sky130_fd_sc_hd__o21ai_2)
     1    0.00                           _18053_ (net)
                  0.11    0.00    5.15 v _23038_/B1 (sky130_fd_sc_hd__o21ai_2)
                  0.29    0.15    5.31 ^ _23038_/Y (sky130_fd_sc_hd__o21ai_2)
     2    0.01                           _18054_ (net)
                  0.29    0.00    5.31 ^ _23045_/A1 (sky130_fd_sc_hd__a21o_2)
                  0.04    0.29    5.60 ^ _23045_/X (sky130_fd_sc_hd__a21o_2)
     2    0.00                           _18059_ (net)
                  0.04    0.00    5.60 ^ _23052_/A1 (sky130_fd_sc_hd__a21oi_2)
                  0.10    0.11    5.71 v _23052_/Y (sky130_fd_sc_hd__a21oi_2)
     2    0.01                           _18064_ (net)
                  0.10    0.00    5.71 v _23060_/A2 (sky130_fd_sc_hd__o21bai_2)
                  0.32    0.32    6.03 ^ _23060_/Y (sky130_fd_sc_hd__o21bai_2)
     2    0.01                           _18070_ (net)
                  0.32    0.00    6.03 ^ _23067_/A1 (sky130_fd_sc_hd__a21oi_2)
                  0.15    0.25    6.28 v _23067_/Y (sky130_fd_sc_hd__a21oi_2)
     2    0.01                           _18075_ (net)
                  0.15    0.00    6.28 v _23074_/A2 (sky130_fd_sc_hd__o21bai_2)
                  0.32    0.34    6.62 ^ _23074_/Y (sky130_fd_sc_hd__o21bai_2)
     2    0.01                           _18080_ (net)
                  0.32    0.00    6.62 ^ _23080_/A1 (sky130_fd_sc_hd__a21oi_2)
                  0.16    0.26    6.88 v _23080_/Y (sky130_fd_sc_hd__a21oi_2)
     2    0.01                           _18084_ (net)
                  0.16    0.00    6.88 v _23086_/A2 (sky130_fd_sc_hd__o21bai_2)
                  0.19    0.24    7.12 ^ _23086_/Y (sky130_fd_sc_hd__o21bai_2)
     2    0.01                           _18088_ (net)
                  0.19    0.00    7.12 ^ _23092_/A1 (sky130_fd_sc_hd__a21oi_2)
                  0.16    0.21    7.33 v _23092_/Y (sky130_fd_sc_hd__a21oi_2)
     2    0.02                           _18092_ (net)
                  0.16    0.00    7.33 v _23098_/A2 (sky130_fd_sc_hd__o21bai_2)
                  0.33    0.35    7.68 ^ _23098_/Y (sky130_fd_sc_hd__o21bai_2)
     2    0.02                           _18096_ (net)
                  0.33    0.00    7.68 ^ _23104_/A1 (sky130_fd_sc_hd__a21oi_2)
                  0.16    0.26    7.94 v _23104_/Y (sky130_fd_sc_hd__a21oi_2)
     2    0.01                           _18100_ (net)
                  0.16    0.00    7.94 v _23110_/A2 (sky130_fd_sc_hd__o21bai_2)
                  0.24    0.28    8.22 ^ _23110_/Y (sky130_fd_sc_hd__o21bai_2)
     2    0.01                           _18104_ (net)
                  0.24    0.00    8.22 ^ _23116_/A1 (sky130_fd_sc_hd__a21oi_2)
                  0.15    0.22    8.44 v _23116_/Y (sky130_fd_sc_hd__a21oi_2)
     2    0.01                           _18108_ (net)
                  0.15    0.00    8.44 v _23123_/A2 (sky130_fd_sc_hd__o21bai_2)
                  0.33    0.34    8.78 ^ _23123_/Y (sky130_fd_sc_hd__o21bai_2)
     2    0.01                           _18113_ (net)
                  0.33    0.00    8.78 ^ _23129_/A1 (sky130_fd_sc_hd__a21oi_2)
                  0.16    0.26    9.04 v _23129_/Y (sky130_fd_sc_hd__a21oi_2)
     2    0.01                           _18117_ (net)
                  0.16    0.00    9.04 v _23136_/A2 (sky130_fd_sc_hd__o21bai_2)
                  0.40    0.41    9.45 ^ _23136_/Y (sky130_fd_sc_hd__o21bai_2)
     3    0.02                           _18122_ (net)
                  0.40    0.00    9.45 ^ _23146_/A (sky130_fd_sc_hd__nand3_2)
                  0.22    0.31    9.76 v _23146_/Y (sky130_fd_sc_hd__nand3_2)
     3    0.01                           _18128_ (net)
                  0.22    0.00    9.76 v _23162_/A2 (sky130_fd_sc_hd__o211ai_2)
                  0.28    0.35   10.11 ^ _23162_/Y (sky130_fd_sc_hd__o211ai_2)
     3    0.01                           _18140_ (net)
                  0.28    0.00   10.11 ^ _23172_/A (sky130_fd_sc_hd__nand3_2)
                  0.21    0.26   10.37 v _23172_/Y (sky130_fd_sc_hd__nand3_2)
     3    0.01                           _18146_ (net)
                  0.21    0.00   10.37 v _23188_/A2 (sky130_fd_sc_hd__o211ai_2)
                  0.47    0.50   10.87 ^ _23188_/Y (sky130_fd_sc_hd__o211ai_2)
     3    0.02                           _18158_ (net)
                  0.47    0.00   10.87 ^ _23194_/A1 (sky130_fd_sc_hd__a21oi_2)
                  0.15    0.26   11.14 v _23194_/Y (sky130_fd_sc_hd__a21oi_2)
     1    0.01                           _18162_ (net)
                  0.15    0.00   11.14 v _23195_/B (sky130_fd_sc_hd__xor2_2)
                  0.09    0.28   11.42 v _23195_/X (sky130_fd_sc_hd__xor2_2)
     1    0.00                           _01676_ (net)
                  0.09    0.00   11.42 v _36302_/A1 (sky130_fd_sc_hd__mux2_1)
                  0.10    0.64   12.06 v _36302_/X (sky130_fd_sc_hd__mux2_1)
     1    0.00                           _01677_ (net)
                  0.10    0.00   12.06 v _36756_/A1 (sky130_fd_sc_hd__mux4_1)
                  0.16    1.14   13.20 v _36756_/X (sky130_fd_sc_hd__mux4_1)
     1    0.00                           _01678_ (net)
                  0.16    0.00   13.20 v _36303_/A0 (sky130_fd_sc_hd__mux2_1)
                  0.11    0.67   13.87 v _36303_/X (sky130_fd_sc_hd__mux2_1)
     1    0.00                           _02529_ (net)
                  0.11    0.00   13.87 v _18879_/A (sky130_fd_sc_hd__or2b_2)
                  0.11    0.66   14.53 v _18879_/X (sky130_fd_sc_hd__or2b_2)
     1    0.00                           _16069_ (net)
                  0.11    0.00   14.53 v _18880_/C1 (sky130_fd_sc_hd__o211a_2)
                  0.07    0.22   14.75 v _18880_/X (sky130_fd_sc_hd__o211a_2)
     1    0.00                           _03989_ (net)
                  0.07    0.00   14.75 v _38313_/D (sky130_fd_sc_hd__dfxtp_2)
                                 14.75   data arrival time

                  0.00   24.73   24.73   clock clk (rise edge)
                          0.00   24.73   clock network delay (ideal)
                          0.00   24.73   clock reconvergence pessimism
                                 24.73 ^ _38313_/CLK (sky130_fd_sc_hd__dfxtp_2)
                         -0.29   24.44   library setup time
                                 24.44   data required time
-----------------------------------------------------------------------------
                                 24.44   data required time
                                -14.75   data arrival time
-----------------------------------------------------------------------------
                                  9.69   slack (MET)


