max slew

Pin                                    Limit    Slew   Slack
------------------------------------------------------------
_35998_/S                               1.50    2.39   -0.89 (VIOLATED)
_36002_/S                               1.50    2.39   -0.89 (VIOLATED)
_36014_/S                               1.50    2.39   -0.89 (VIOLATED)
_36018_/S                               1.50    2.39   -0.89 (VIOLATED)
_36022_/S                               1.50    2.39   -0.89 (VIOLATED)
_36060_/S                               1.50    2.39   -0.89 (VIOLATED)
_36010_/S                               1.50    2.39   -0.89 (VIOLATED)
_36084_/S                               1.50    2.39   -0.89 (VIOLATED)
_36096_/S                               1.50    2.39   -0.89 (VIOLATED)
_36006_/S                               1.50    2.39   -0.89 (VIOLATED)
_35994_/S                               1.50    2.39   -0.89 (VIOLATED)
_18485_/B_N                             1.50    2.39   -0.89 (VIOLATED)
_35990_/S                               1.50    2.39   -0.89 (VIOLATED)
_21859_/C                               1.50    2.39   -0.89 (VIOLATED)
_35966_/S                               1.50    2.39   -0.89 (VIOLATED)
_35970_/S                               1.50    2.39   -0.89 (VIOLATED)
_35974_/S                               1.50    2.39   -0.89 (VIOLATED)
_35986_/S                               1.50    2.39   -0.89 (VIOLATED)
_35978_/S                               1.50    2.39   -0.89 (VIOLATED)
_35982_/S                               1.50    2.39   -0.89 (VIOLATED)
_36026_/S                               1.50    2.39   -0.89 (VIOLATED)
_36030_/S                               1.50    2.39   -0.89 (VIOLATED)
_36036_/S                               1.50    2.39   -0.89 (VIOLATED)
_36042_/S                               1.50    2.39   -0.89 (VIOLATED)
_36048_/S                               1.50    2.39   -0.89 (VIOLATED)
_36054_/S                               1.50    2.39   -0.89 (VIOLATED)
_36066_/S                               1.50    2.39   -0.89 (VIOLATED)
_36072_/S                               1.50    2.39   -0.89 (VIOLATED)
_36078_/S                               1.50    2.39   -0.89 (VIOLATED)
_36090_/S                               1.50    2.39   -0.89 (VIOLATED)
_36102_/S                               1.50    2.39   -0.89 (VIOLATED)
_36108_/S                               1.50    2.39   -0.89 (VIOLATED)
_36114_/S                               1.50    2.39   -0.89 (VIOLATED)
_36120_/S                               1.50    2.39   -0.89 (VIOLATED)
_18484_/Y                               1.50    2.39   -0.89 (VIOLATED)
_21058_/S                               1.50    2.09   -0.59 (VIOLATED)
_21056_/S                               1.50    2.09   -0.59 (VIOLATED)
_21057_/S                               1.50    2.09   -0.59 (VIOLATED)
_21055_/S                               1.50    2.08   -0.58 (VIOLATED)
_21059_/S                               1.50    2.08   -0.58 (VIOLATED)
_21060_/S                               1.50    2.08   -0.58 (VIOLATED)
_21054_/X                               1.51    2.08   -0.57 (VIOLATED)
_21226_/A1                              1.50    1.90   -0.40 (VIOLATED)
_25156_/A2                              1.50    1.90   -0.40 (VIOLATED)
_25419_/B2                              1.50    1.90   -0.40 (VIOLATED)
_26354_/B2                              1.50    1.90   -0.40 (VIOLATED)
_26968_/B2                              1.50    1.90   -0.40 (VIOLATED)
_30561_/B1                              1.50    1.90   -0.40 (VIOLATED)
_21224_/X                               1.51    1.90   -0.39 (VIOLATED)
_20125_/S                               1.50    1.87   -0.37 (VIOLATED)
_20126_/S                               1.50    1.87   -0.37 (VIOLATED)
_20127_/S                               1.50    1.87   -0.37 (VIOLATED)
_20124_/S                               1.50    1.87   -0.37 (VIOLATED)
_20129_/S                               1.50    1.87   -0.37 (VIOLATED)
_20128_/S                               1.50    1.87   -0.37 (VIOLATED)
_20123_/X                               1.51    1.87   -0.36 (VIOLATED)
_35809_/S                               1.50    1.78   -0.28 (VIOLATED)
_35784_/S                               1.50    1.78   -0.28 (VIOLATED)
_35812_/S                               1.50    1.78   -0.28 (VIOLATED)
_35786_/S                               1.50    1.78   -0.28 (VIOLATED)
_35816_/S                               1.50    1.78   -0.28 (VIOLATED)
_35787_/S                               1.50    1.78   -0.28 (VIOLATED)
_35788_/S                               1.50    1.78   -0.28 (VIOLATED)
_35819_/S                               1.50    1.78   -0.28 (VIOLATED)
_35822_/S                               1.50    1.78   -0.28 (VIOLATED)
_35666_/S                               1.50    1.78   -0.28 (VIOLATED)
_35658_/S                               1.50    1.78   -0.28 (VIOLATED)
_35794_/S                               1.50    1.78   -0.28 (VIOLATED)
_35838_/S                               1.50    1.78   -0.28 (VIOLATED)
_35795_/S                               1.50    1.78   -0.28 (VIOLATED)
_35835_/S                               1.50    1.78   -0.28 (VIOLATED)
_35831_/S                               1.50    1.78   -0.28 (VIOLATED)
_35828_/S                               1.50    1.78   -0.28 (VIOLATED)
_35791_/S                               1.50    1.78   -0.28 (VIOLATED)
_35643_/S                               1.50    1.78   -0.28 (VIOLATED)
_35634_/S                               1.50    1.78   -0.28 (VIOLATED)
_35856_/S                               1.50    1.78   -0.28 (VIOLATED)
_35860_/S                               1.50    1.78   -0.28 (VIOLATED)
_35869_/S                               1.50    1.78   -0.28 (VIOLATED)
_35879_/S                               1.50    1.78   -0.28 (VIOLATED)
_35895_/S                               1.50    1.78   -0.28 (VIOLATED)
_35924_/S                               1.50    1.78   -0.28 (VIOLATED)
_35894_/S                               1.50    1.78   -0.28 (VIOLATED)
_35921_/S                               1.50    1.78   -0.28 (VIOLATED)
_35917_/S                               1.50    1.78   -0.28 (VIOLATED)
_35891_/S                               1.50    1.78   -0.28 (VIOLATED)
_35892_/S                               1.50    1.78   -0.28 (VIOLATED)
_35914_/S                               1.50    1.78   -0.28 (VIOLATED)
_35897_/S                               1.50    1.78   -0.28 (VIOLATED)
_21770_/A                               1.50    1.78   -0.28 (VIOLATED)
_24327_/B                               1.50    1.78   -0.28 (VIOLATED)
_21979_/A                               1.50    1.78   -0.28 (VIOLATED)
_19995_/A                               1.50    1.78   -0.28 (VIOLATED)
_35332_/A                               1.50    1.78   -0.28 (VIOLATED)
_35638_/S                               1.50    1.78   -0.28 (VIOLATED)
_35648_/S                               1.50    1.78   -0.28 (VIOLATED)
_35653_/S                               1.50    1.78   -0.28 (VIOLATED)
_35662_/S                               1.50    1.78   -0.28 (VIOLATED)
_35780_/S                               1.50    1.78   -0.28 (VIOLATED)
_35781_/S                               1.50    1.78   -0.28 (VIOLATED)
_35783_/S                               1.50    1.78   -0.28 (VIOLATED)
_35792_/S                               1.50    1.78   -0.28 (VIOLATED)
_35797_/S                               1.50    1.78   -0.28 (VIOLATED)
_35798_/S                               1.50    1.78   -0.28 (VIOLATED)
_35799_/S                               1.50    1.78   -0.28 (VIOLATED)
_35802_/S                               1.50    1.78   -0.28 (VIOLATED)
_35805_/S                               1.50    1.78   -0.28 (VIOLATED)
_35842_/S                               1.50    1.78   -0.28 (VIOLATED)
_35845_/S                               1.50    1.78   -0.28 (VIOLATED)
_35848_/S                               1.50    1.78   -0.28 (VIOLATED)
_35854_/S                               1.50    1.78   -0.28 (VIOLATED)
_35858_/S                               1.50    1.78   -0.28 (VIOLATED)
_35864_/S                               1.50    1.78   -0.28 (VIOLATED)
_35874_/S                               1.50    1.78   -0.28 (VIOLATED)
_35883_/S                               1.50    1.78   -0.28 (VIOLATED)
_35884_/S                               1.50    1.78   -0.28 (VIOLATED)
_35886_/S                               1.50    1.78   -0.28 (VIOLATED)
_35887_/S                               1.50    1.78   -0.28 (VIOLATED)
_35889_/S                               1.50    1.78   -0.28 (VIOLATED)
_35899_/S                               1.50    1.78   -0.28 (VIOLATED)
_35902_/S                               1.50    1.78   -0.28 (VIOLATED)
_35906_/S                               1.50    1.78   -0.28 (VIOLATED)
_35909_/S                               1.50    1.78   -0.28 (VIOLATED)
_37957_/Q                               1.51    1.78   -0.27 (VIOLATED)
_18707_/S                               1.50    1.73   -0.23 (VIOLATED)
_21036_/S                               1.50    1.73   -0.23 (VIOLATED)
_21039_/S                               1.50    1.73   -0.23 (VIOLATED)
_21035_/S                               1.50    1.73   -0.23 (VIOLATED)
_21037_/S                               1.50    1.73   -0.23 (VIOLATED)
_21038_/S                               1.50    1.73   -0.23 (VIOLATED)
_18706_/X                               1.51    1.73   -0.21 (VIOLATED)
_30657_/A1                              1.50    1.64   -0.14 (VIOLATED)
_30896_/B1                              1.50    1.64   -0.14 (VIOLATED)
_20599_/A1                              1.50    1.64   -0.14 (VIOLATED)
_31461_/A1                              1.50    1.64   -0.14 (VIOLATED)
_26968_/B1                              1.50    1.64   -0.14 (VIOLATED)
_27577_/B1                              1.50    1.64   -0.14 (VIOLATED)
_20595_/X                               1.51    1.64   -0.12 (VIOLATED)
ANTENNA_130/DIODE                       1.50    1.60   -0.10 (VIOLATED)
ANTENNA_131/DIODE                       1.50    1.60   -0.10 (VIOLATED)
ANTENNA_132/DIODE                       1.50    1.60   -0.10 (VIOLATED)
ANTENNA_133/DIODE                       1.50    1.60   -0.10 (VIOLATED)
_21049_/A0                              1.50    1.60   -0.10 (VIOLATED)
_35375_/X                               1.51    1.60   -0.10 (VIOLATED)
_28891_/A                               1.50    1.59   -0.09 (VIOLATED)
_27064_/A                               1.50    1.59   -0.09 (VIOLATED)
_27286_/A                               1.50    1.59   -0.09 (VIOLATED)
_25977_/A                               1.50    1.59   -0.09 (VIOLATED)
_25069_/A                               1.50    1.59   -0.09 (VIOLATED)
_30094_/A                               1.50    1.59   -0.09 (VIOLATED)
_25068_/X                               1.51    1.59   -0.08 (VIOLATED)
_23204_/Y                               1.49    1.56   -0.06 (VIOLATED)
_35401_/S                               1.50    1.56   -0.06 (VIOLATED)
_35417_/S                               1.50    1.56   -0.06 (VIOLATED)
_35405_/S                               1.50    1.56   -0.06 (VIOLATED)
_35403_/S                               1.50    1.56   -0.06 (VIOLATED)
_35419_/S                               1.50    1.56   -0.06 (VIOLATED)
_35413_/S                               1.50    1.56   -0.06 (VIOLATED)
_35411_/S                               1.50    1.56   -0.06 (VIOLATED)
_35404_/S                               1.50    1.56   -0.06 (VIOLATED)
_35412_/S                               1.50    1.56   -0.06 (VIOLATED)
_35410_/S                               1.50    1.56   -0.06 (VIOLATED)
_35422_/S                               1.50    1.56   -0.06 (VIOLATED)
_35414_/S                               1.50    1.56   -0.06 (VIOLATED)
_35407_/S                               1.50    1.56   -0.06 (VIOLATED)
_35421_/S                               1.50    1.56   -0.06 (VIOLATED)
_35418_/S                               1.50    1.56   -0.06 (VIOLATED)
_23216_/B1                              1.50    1.56   -0.06 (VIOLATED)
_35400_/S                               1.50    1.56   -0.06 (VIOLATED)
_35402_/S                               1.50    1.56   -0.06 (VIOLATED)
_35406_/S                               1.50    1.56   -0.06 (VIOLATED)
_35408_/S                               1.50    1.56   -0.06 (VIOLATED)
_35409_/S                               1.50    1.56   -0.06 (VIOLATED)
_35415_/S                               1.50    1.56   -0.06 (VIOLATED)
_35416_/S                               1.50    1.56   -0.06 (VIOLATED)
_35420_/S                               1.50    1.56   -0.06 (VIOLATED)
_35423_/S                               1.50    1.56   -0.06 (VIOLATED)
_36034_/S                               1.50    1.56   -0.06 (VIOLATED)
_36040_/S                               1.50    1.56   -0.06 (VIOLATED)
_36046_/S                               1.50    1.56   -0.06 (VIOLATED)
_36052_/S                               1.50    1.56   -0.06 (VIOLATED)
_36058_/S                               1.50    1.56   -0.06 (VIOLATED)
_36064_/S                               1.50    1.56   -0.06 (VIOLATED)
_36070_/S                               1.50    1.56   -0.06 (VIOLATED)
_36076_/S                               1.50    1.56   -0.06 (VIOLATED)
_36081_/S                               1.50    1.56   -0.06 (VIOLATED)
_36087_/S                               1.50    1.56   -0.06 (VIOLATED)
_36093_/S                               1.50    1.56   -0.06 (VIOLATED)
_36099_/S                               1.50    1.56   -0.06 (VIOLATED)
_36105_/S                               1.50    1.56   -0.06 (VIOLATED)
_36111_/S                               1.50    1.56   -0.06 (VIOLATED)
_36117_/S                               1.50    1.56   -0.06 (VIOLATED)
_36123_/S                               1.50    1.56   -0.06 (VIOLATED)
_21241_/A                               1.50    1.54   -0.04 (VIOLATED)
_24567_/B                               1.50    1.54   -0.04 (VIOLATED)
_25072_/B                               1.50    1.54   -0.04 (VIOLATED)
_25686_/B                               1.50    1.54   -0.04 (VIOLATED)
_24548_/A                               1.50    1.54   -0.04 (VIOLATED)
_29348_/B                               1.50    1.54   -0.04 (VIOLATED)
_21240_/X                               1.51    1.54   -0.03 (VIOLATED)
ANTENNA_101/DIODE                       1.50    1.51   -0.01 (VIOLATED)
ANTENNA_103/DIODE                       1.50    1.51   -0.01 (VIOLATED)
ANTENNA_99/DIODE                        1.50    1.51   -0.01 (VIOLATED)
_21059_/A0                              1.50    1.51   -0.01 (VIOLATED)
ANTENNA_98/DIODE                        1.50    1.51   -0.01 (VIOLATED)
ANTENNA_100/DIODE                       1.50    1.51   -0.01 (VIOLATED)
ANTENNA_102/DIODE                       1.50    1.51   -0.01 (VIOLATED)
ANTENNA_110/DIODE                       1.50    1.51   -0.01 (VIOLATED)
ANTENNA_104/DIODE                       1.50    1.51   -0.01 (VIOLATED)
ANTENNA_105/DIODE                       1.50    1.51   -0.01 (VIOLATED)
ANTENNA_106/DIODE                       1.50    1.51   -0.01 (VIOLATED)
ANTENNA_107/DIODE                       1.50    1.51   -0.01 (VIOLATED)
ANTENNA_108/DIODE                       1.50    1.51   -0.01 (VIOLATED)
ANTENNA_109/DIODE                       1.50    1.51   -0.01 (VIOLATED)
_21063_/S                               1.50    1.51   -0.01 (VIOLATED)
_21065_/S                               1.50    1.51   -0.01 (VIOLATED)
_21066_/S                               1.50    1.51   -0.01 (VIOLATED)
_21067_/S                               1.50    1.51   -0.01 (VIOLATED)
ANTENNA_510/DIODE                       1.50    1.51   -0.01 (VIOLATED)
_21062_/S                               1.50    1.51   -0.01 (VIOLATED)
_21064_/S                               1.50    1.51   -0.01 (VIOLATED)
_35357_/X                               1.51    1.51   -0.01 (VIOLATED)

