max slew

Pin                                    Limit    Slew   Slack
------------------------------------------------------------
_18559_/B                               1.50    8.53   -7.03 (VIOLATED)
_36563_/S0                              1.50    8.53   -7.03 (VIOLATED)
_36564_/S0                              1.50    8.53   -7.03 (VIOLATED)
_36565_/S0                              1.50    8.53   -7.03 (VIOLATED)
_36566_/S0                              1.50    8.53   -7.03 (VIOLATED)
_36567_/S0                              1.50    8.53   -7.03 (VIOLATED)
_36569_/S0                              1.50    8.53   -7.03 (VIOLATED)
_36570_/S0                              1.50    8.53   -7.03 (VIOLATED)
_36571_/S0                              1.50    8.53   -7.03 (VIOLATED)
_36572_/S0                              1.50    8.53   -7.03 (VIOLATED)
_36573_/S0                              1.50    8.53   -7.03 (VIOLATED)
_36575_/S0                              1.50    8.53   -7.03 (VIOLATED)
_36576_/S0                              1.50    8.53   -7.03 (VIOLATED)
_36577_/S0                              1.50    8.53   -7.03 (VIOLATED)
_36578_/S0                              1.50    8.53   -7.03 (VIOLATED)
_36579_/S0                              1.50    8.53   -7.03 (VIOLATED)
_36581_/S0                              1.50    8.53   -7.03 (VIOLATED)
_36582_/S0                              1.50    8.53   -7.03 (VIOLATED)
_36583_/S0                              1.50    8.53   -7.03 (VIOLATED)
_36584_/S0                              1.50    8.53   -7.03 (VIOLATED)
_36585_/S0                              1.50    8.53   -7.03 (VIOLATED)
_36587_/S0                              1.50    8.53   -7.03 (VIOLATED)
_36588_/S0                              1.50    8.53   -7.03 (VIOLATED)
_36589_/S0                              1.50    8.53   -7.03 (VIOLATED)
_36590_/S0                              1.50    8.53   -7.03 (VIOLATED)
_36591_/S0                              1.50    8.53   -7.03 (VIOLATED)
_36593_/S0                              1.50    8.53   -7.03 (VIOLATED)
_36594_/S0                              1.50    8.53   -7.03 (VIOLATED)
_36595_/S0                              1.50    8.53   -7.03 (VIOLATED)
_36596_/S0                              1.50    8.53   -7.03 (VIOLATED)
_36597_/S0                              1.50    8.53   -7.03 (VIOLATED)
_36599_/S0                              1.50    8.53   -7.03 (VIOLATED)
_36600_/S0                              1.50    8.53   -7.03 (VIOLATED)
_36601_/S0                              1.50    8.53   -7.03 (VIOLATED)
_36602_/S0                              1.50    8.53   -7.03 (VIOLATED)
_36603_/S0                              1.50    8.53   -7.03 (VIOLATED)
_36605_/S0                              1.50    8.53   -7.03 (VIOLATED)
_36606_/S0                              1.50    8.53   -7.03 (VIOLATED)
_36607_/S0                              1.50    8.53   -7.03 (VIOLATED)
_36608_/S0                              1.50    8.53   -7.03 (VIOLATED)
_36609_/S0                              1.50    8.53   -7.03 (VIOLATED)
_36611_/S0                              1.50    8.53   -7.03 (VIOLATED)
_36612_/S0                              1.50    8.53   -7.03 (VIOLATED)
_36613_/S0                              1.50    8.53   -7.03 (VIOLATED)
_36614_/S0                              1.50    8.53   -7.03 (VIOLATED)
_36615_/S0                              1.50    8.53   -7.03 (VIOLATED)
_36617_/S0                              1.50    8.53   -7.03 (VIOLATED)
_36618_/S0                              1.50    8.53   -7.03 (VIOLATED)
_36619_/S0                              1.50    8.53   -7.03 (VIOLATED)
_36620_/S0                              1.50    8.53   -7.03 (VIOLATED)
_36621_/S0                              1.50    8.53   -7.03 (VIOLATED)
_36623_/S0                              1.50    8.53   -7.03 (VIOLATED)
_36624_/S0                              1.50    8.53   -7.03 (VIOLATED)
_36625_/S0                              1.50    8.53   -7.03 (VIOLATED)
_36626_/S0                              1.50    8.53   -7.03 (VIOLATED)
_36627_/S0                              1.50    8.53   -7.03 (VIOLATED)
_36629_/S0                              1.50    8.53   -7.03 (VIOLATED)
_36630_/S0                              1.50    8.53   -7.03 (VIOLATED)
_36631_/S0                              1.50    8.53   -7.03 (VIOLATED)
_36632_/S0                              1.50    8.53   -7.03 (VIOLATED)
_36633_/S0                              1.50    8.53   -7.03 (VIOLATED)
_36635_/S0                              1.50    8.53   -7.03 (VIOLATED)
_36636_/S0                              1.50    8.53   -7.03 (VIOLATED)
_36637_/S0                              1.50    8.53   -7.03 (VIOLATED)
_36638_/S0                              1.50    8.53   -7.03 (VIOLATED)
_36639_/S0                              1.50    8.53   -7.03 (VIOLATED)
_36641_/S0                              1.50    8.53   -7.03 (VIOLATED)
_36642_/S0                              1.50    8.53   -7.03 (VIOLATED)
_36643_/S0                              1.50    8.53   -7.03 (VIOLATED)
_36644_/S0                              1.50    8.53   -7.03 (VIOLATED)
_36645_/S0                              1.50    8.53   -7.03 (VIOLATED)
_36647_/S0                              1.50    8.53   -7.03 (VIOLATED)
_36648_/S0                              1.50    8.53   -7.03 (VIOLATED)
_36649_/S0                              1.50    8.53   -7.03 (VIOLATED)
_36650_/S0                              1.50    8.53   -7.03 (VIOLATED)
_36651_/S0                              1.50    8.53   -7.03 (VIOLATED)
_36653_/S0                              1.50    8.53   -7.03 (VIOLATED)
_36654_/S0                              1.50    8.53   -7.03 (VIOLATED)
_36655_/S0                              1.50    8.53   -7.03 (VIOLATED)
_36656_/S0                              1.50    8.53   -7.03 (VIOLATED)
_36657_/S0                              1.50    8.53   -7.03 (VIOLATED)
_36659_/S0                              1.50    8.53   -7.03 (VIOLATED)
_36660_/S0                              1.50    8.53   -7.03 (VIOLATED)
_36661_/S0                              1.50    8.53   -7.03 (VIOLATED)
_36662_/S0                              1.50    8.53   -7.03 (VIOLATED)
_36663_/S0                              1.50    8.53   -7.03 (VIOLATED)
_36665_/S0                              1.50    8.53   -7.03 (VIOLATED)
_36666_/S0                              1.50    8.53   -7.03 (VIOLATED)
_36667_/S0                              1.50    8.53   -7.03 (VIOLATED)
_36668_/S0                              1.50    8.53   -7.03 (VIOLATED)
_36669_/S0                              1.50    8.53   -7.03 (VIOLATED)
_36671_/S0                              1.50    8.53   -7.03 (VIOLATED)
_36672_/S0                              1.50    8.53   -7.03 (VIOLATED)
_36673_/S0                              1.50    8.53   -7.03 (VIOLATED)
_36674_/S0                              1.50    8.53   -7.03 (VIOLATED)
_36675_/S0                              1.50    8.53   -7.03 (VIOLATED)
_36677_/S0                              1.50    8.53   -7.03 (VIOLATED)
_36678_/S0                              1.50    8.53   -7.03 (VIOLATED)
_36679_/S0                              1.50    8.53   -7.03 (VIOLATED)
_36680_/S0                              1.50    8.53   -7.03 (VIOLATED)
_36681_/S0                              1.50    8.53   -7.03 (VIOLATED)
_36683_/S0                              1.50    8.53   -7.03 (VIOLATED)
_36684_/S0                              1.50    8.53   -7.03 (VIOLATED)
_36685_/S0                              1.50    8.53   -7.03 (VIOLATED)
_36686_/S0                              1.50    8.53   -7.03 (VIOLATED)
_36687_/S0                              1.50    8.53   -7.03 (VIOLATED)
_36689_/S0                              1.50    8.53   -7.03 (VIOLATED)
_36690_/S0                              1.50    8.53   -7.03 (VIOLATED)
_36691_/S0                              1.50    8.53   -7.03 (VIOLATED)
_36692_/S0                              1.50    8.53   -7.03 (VIOLATED)
_36693_/S0                              1.50    8.53   -7.03 (VIOLATED)
_36695_/S0                              1.50    8.53   -7.03 (VIOLATED)
_36696_/S0                              1.50    8.53   -7.03 (VIOLATED)
_36697_/S0                              1.50    8.53   -7.03 (VIOLATED)
_36698_/S0                              1.50    8.53   -7.03 (VIOLATED)
_36699_/S0                              1.50    8.53   -7.03 (VIOLATED)
_36701_/S0                              1.50    8.53   -7.03 (VIOLATED)
_36702_/S0                              1.50    8.53   -7.03 (VIOLATED)
_36703_/S0                              1.50    8.53   -7.03 (VIOLATED)
_36704_/S0                              1.50    8.53   -7.03 (VIOLATED)
_36705_/S0                              1.50    8.53   -7.03 (VIOLATED)
_36707_/S0                              1.50    8.53   -7.03 (VIOLATED)
_36708_/S0                              1.50    8.53   -7.03 (VIOLATED)
_36709_/S0                              1.50    8.53   -7.03 (VIOLATED)
_36710_/S0                              1.50    8.53   -7.03 (VIOLATED)
_36711_/S0                              1.50    8.53   -7.03 (VIOLATED)
_36713_/S0                              1.50    8.53   -7.03 (VIOLATED)
_36714_/S0                              1.50    8.53   -7.03 (VIOLATED)
_36715_/S0                              1.50    8.53   -7.03 (VIOLATED)
_36716_/S0                              1.50    8.53   -7.03 (VIOLATED)
_36717_/S0                              1.50    8.53   -7.03 (VIOLATED)
_36719_/S0                              1.50    8.53   -7.03 (VIOLATED)
_36720_/S0                              1.50    8.53   -7.03 (VIOLATED)
_36721_/S0                              1.50    8.53   -7.03 (VIOLATED)
_36722_/S0                              1.50    8.53   -7.03 (VIOLATED)
_36723_/S0                              1.50    8.53   -7.03 (VIOLATED)
_36725_/S0                              1.50    8.53   -7.03 (VIOLATED)
_36726_/S0                              1.50    8.53   -7.03 (VIOLATED)
_36727_/S0                              1.50    8.53   -7.03 (VIOLATED)
_36728_/S0                              1.50    8.53   -7.03 (VIOLATED)
_36729_/S0                              1.50    8.53   -7.03 (VIOLATED)
_36731_/S0                              1.50    8.53   -7.03 (VIOLATED)
_36732_/S0                              1.50    8.53   -7.03 (VIOLATED)
_36733_/S0                              1.50    8.53   -7.03 (VIOLATED)
_36734_/S0                              1.50    8.53   -7.03 (VIOLATED)
_36735_/S0                              1.50    8.53   -7.03 (VIOLATED)
_36737_/S0                              1.50    8.53   -7.03 (VIOLATED)
_36738_/S0                              1.50    8.53   -7.03 (VIOLATED)
_36739_/S0                              1.50    8.53   -7.03 (VIOLATED)
_36740_/S0                              1.50    8.53   -7.03 (VIOLATED)
_36741_/S0                              1.50    8.53   -7.03 (VIOLATED)
_36743_/S0                              1.50    8.53   -7.03 (VIOLATED)
_36744_/S0                              1.50    8.53   -7.03 (VIOLATED)
_36745_/S0                              1.50    8.53   -7.03 (VIOLATED)
_36746_/S0                              1.50    8.53   -7.03 (VIOLATED)
_36747_/S0                              1.50    8.53   -7.03 (VIOLATED)
_36749_/S0                              1.50    8.53   -7.03 (VIOLATED)
_36750_/S0                              1.50    8.53   -7.03 (VIOLATED)
_36751_/S0                              1.50    8.53   -7.03 (VIOLATED)
_36752_/S0                              1.50    8.53   -7.03 (VIOLATED)
_36753_/S0                              1.50    8.53   -7.03 (VIOLATED)
_36261_/X                               1.51    8.53   -7.02 (VIOLATED)
_18559_/A                               1.50    5.75   -4.25 (VIOLATED)
_36563_/S1                              1.50    5.75   -4.25 (VIOLATED)
_36564_/S1                              1.50    5.75   -4.25 (VIOLATED)
_36565_/S1                              1.50    5.75   -4.25 (VIOLATED)
_36566_/S1                              1.50    5.75   -4.25 (VIOLATED)
_36567_/S1                              1.50    5.75   -4.25 (VIOLATED)
_36569_/S1                              1.50    5.75   -4.25 (VIOLATED)
_36570_/S1                              1.50    5.75   -4.25 (VIOLATED)
_36571_/S1                              1.50    5.75   -4.25 (VIOLATED)
_36572_/S1                              1.50    5.75   -4.25 (VIOLATED)
_36573_/S1                              1.50    5.75   -4.25 (VIOLATED)
_36575_/S1                              1.50    5.75   -4.25 (VIOLATED)
_36576_/S1                              1.50    5.75   -4.25 (VIOLATED)
_36577_/S1                              1.50    5.75   -4.25 (VIOLATED)
_36578_/S1                              1.50    5.75   -4.25 (VIOLATED)
_36579_/S1                              1.50    5.75   -4.25 (VIOLATED)
_36581_/S1                              1.50    5.75   -4.25 (VIOLATED)
_36582_/S1                              1.50    5.75   -4.25 (VIOLATED)
_36583_/S1                              1.50    5.75   -4.25 (VIOLATED)
_36584_/S1                              1.50    5.75   -4.25 (VIOLATED)
_36585_/S1                              1.50    5.75   -4.25 (VIOLATED)
_36587_/S1                              1.50    5.75   -4.25 (VIOLATED)
_36588_/S1                              1.50    5.75   -4.25 (VIOLATED)
_36589_/S1                              1.50    5.75   -4.25 (VIOLATED)
_36590_/S1                              1.50    5.75   -4.25 (VIOLATED)
_36591_/S1                              1.50    5.75   -4.25 (VIOLATED)
_36593_/S1                              1.50    5.75   -4.25 (VIOLATED)
_36594_/S1                              1.50    5.75   -4.25 (VIOLATED)
_36595_/S1                              1.50    5.75   -4.25 (VIOLATED)
_36596_/S1                              1.50    5.75   -4.25 (VIOLATED)
_36597_/S1                              1.50    5.75   -4.25 (VIOLATED)
_36599_/S1                              1.50    5.75   -4.25 (VIOLATED)
_36600_/S1                              1.50    5.75   -4.25 (VIOLATED)
_36601_/S1                              1.50    5.75   -4.25 (VIOLATED)
_36602_/S1                              1.50    5.75   -4.25 (VIOLATED)
_36603_/S1                              1.50    5.75   -4.25 (VIOLATED)
_36605_/S1                              1.50    5.75   -4.25 (VIOLATED)
_36606_/S1                              1.50    5.75   -4.25 (VIOLATED)
_36607_/S1                              1.50    5.75   -4.25 (VIOLATED)
_36608_/S1                              1.50    5.75   -4.25 (VIOLATED)
_36609_/S1                              1.50    5.75   -4.25 (VIOLATED)
_36611_/S1                              1.50    5.75   -4.25 (VIOLATED)
_36612_/S1                              1.50    5.75   -4.25 (VIOLATED)
_36613_/S1                              1.50    5.75   -4.25 (VIOLATED)
_36614_/S1                              1.50    5.75   -4.25 (VIOLATED)
_36615_/S1                              1.50    5.75   -4.25 (VIOLATED)
_36617_/S1                              1.50    5.75   -4.25 (VIOLATED)
_36618_/S1                              1.50    5.75   -4.25 (VIOLATED)
_36619_/S1                              1.50    5.75   -4.25 (VIOLATED)
_36620_/S1                              1.50    5.75   -4.25 (VIOLATED)
_36621_/S1                              1.50    5.75   -4.25 (VIOLATED)
_36623_/S1                              1.50    5.75   -4.25 (VIOLATED)
_36624_/S1                              1.50    5.75   -4.25 (VIOLATED)
_36625_/S1                              1.50    5.75   -4.25 (VIOLATED)
_36626_/S1                              1.50    5.75   -4.25 (VIOLATED)
_36627_/S1                              1.50    5.75   -4.25 (VIOLATED)
_36629_/S1                              1.50    5.75   -4.25 (VIOLATED)
_36630_/S1                              1.50    5.75   -4.25 (VIOLATED)
_36631_/S1                              1.50    5.75   -4.25 (VIOLATED)
_36632_/S1                              1.50    5.75   -4.25 (VIOLATED)
_36633_/S1                              1.50    5.75   -4.25 (VIOLATED)
_36635_/S1                              1.50    5.75   -4.25 (VIOLATED)
_36636_/S1                              1.50    5.75   -4.25 (VIOLATED)
_36637_/S1                              1.50    5.75   -4.25 (VIOLATED)
_36638_/S1                              1.50    5.75   -4.25 (VIOLATED)
_36639_/S1                              1.50    5.75   -4.25 (VIOLATED)
_36641_/S1                              1.50    5.75   -4.25 (VIOLATED)
_36642_/S1                              1.50    5.75   -4.25 (VIOLATED)
_36643_/S1                              1.50    5.75   -4.25 (VIOLATED)
_36644_/S1                              1.50    5.75   -4.25 (VIOLATED)
_36645_/S1                              1.50    5.75   -4.25 (VIOLATED)
_36647_/S1                              1.50    5.75   -4.25 (VIOLATED)
_36648_/S1                              1.50    5.75   -4.25 (VIOLATED)
_36649_/S1                              1.50    5.75   -4.25 (VIOLATED)
_36650_/S1                              1.50    5.75   -4.25 (VIOLATED)
_36651_/S1                              1.50    5.75   -4.25 (VIOLATED)
_36653_/S1                              1.50    5.75   -4.25 (VIOLATED)
_36654_/S1                              1.50    5.75   -4.25 (VIOLATED)
_36655_/S1                              1.50    5.75   -4.25 (VIOLATED)
_36656_/S1                              1.50    5.75   -4.25 (VIOLATED)
_36657_/S1                              1.50    5.75   -4.25 (VIOLATED)
_36659_/S1                              1.50    5.75   -4.25 (VIOLATED)
_36660_/S1                              1.50    5.75   -4.25 (VIOLATED)
_36661_/S1                              1.50    5.75   -4.25 (VIOLATED)
_36662_/S1                              1.50    5.75   -4.25 (VIOLATED)
_36663_/S1                              1.50    5.75   -4.25 (VIOLATED)
_36665_/S1                              1.50    5.75   -4.25 (VIOLATED)
_36666_/S1                              1.50    5.75   -4.25 (VIOLATED)
_36667_/S1                              1.50    5.75   -4.25 (VIOLATED)
_36668_/S1                              1.50    5.75   -4.25 (VIOLATED)
_36669_/S1                              1.50    5.75   -4.25 (VIOLATED)
_36671_/S1                              1.50    5.75   -4.25 (VIOLATED)
_36672_/S1                              1.50    5.75   -4.25 (VIOLATED)
_36673_/S1                              1.50    5.75   -4.25 (VIOLATED)
_36674_/S1                              1.50    5.75   -4.25 (VIOLATED)
_36675_/S1                              1.50    5.75   -4.25 (VIOLATED)
_36677_/S1                              1.50    5.75   -4.25 (VIOLATED)
_36678_/S1                              1.50    5.75   -4.25 (VIOLATED)
_36679_/S1                              1.50    5.75   -4.25 (VIOLATED)
_36680_/S1                              1.50    5.75   -4.25 (VIOLATED)
_36681_/S1                              1.50    5.75   -4.25 (VIOLATED)
_36683_/S1                              1.50    5.75   -4.25 (VIOLATED)
_36684_/S1                              1.50    5.75   -4.25 (VIOLATED)
_36685_/S1                              1.50    5.75   -4.25 (VIOLATED)
_36686_/S1                              1.50    5.75   -4.25 (VIOLATED)
_36687_/S1                              1.50    5.75   -4.25 (VIOLATED)
_36689_/S1                              1.50    5.75   -4.25 (VIOLATED)
_36690_/S1                              1.50    5.75   -4.25 (VIOLATED)
_36691_/S1                              1.50    5.75   -4.25 (VIOLATED)
_36692_/S1                              1.50    5.75   -4.25 (VIOLATED)
_36693_/S1                              1.50    5.75   -4.25 (VIOLATED)
_36695_/S1                              1.50    5.75   -4.25 (VIOLATED)
_36696_/S1                              1.50    5.75   -4.25 (VIOLATED)
_36697_/S1                              1.50    5.75   -4.25 (VIOLATED)
_36698_/S1                              1.50    5.75   -4.25 (VIOLATED)
_36699_/S1                              1.50    5.75   -4.25 (VIOLATED)
_36701_/S1                              1.50    5.75   -4.25 (VIOLATED)
_36702_/S1                              1.50    5.75   -4.25 (VIOLATED)
_36703_/S1                              1.50    5.75   -4.25 (VIOLATED)
_36704_/S1                              1.50    5.75   -4.25 (VIOLATED)
_36705_/S1                              1.50    5.75   -4.25 (VIOLATED)
_36707_/S1                              1.50    5.75   -4.25 (VIOLATED)
_36708_/S1                              1.50    5.75   -4.25 (VIOLATED)
_36709_/S1                              1.50    5.75   -4.25 (VIOLATED)
_36710_/S1                              1.50    5.75   -4.25 (VIOLATED)
_36711_/S1                              1.50    5.75   -4.25 (VIOLATED)
_36713_/S1                              1.50    5.75   -4.25 (VIOLATED)
_36714_/S1                              1.50    5.75   -4.25 (VIOLATED)
_36715_/S1                              1.50    5.75   -4.25 (VIOLATED)
_36716_/S1                              1.50    5.75   -4.25 (VIOLATED)
_36717_/S1                              1.50    5.75   -4.25 (VIOLATED)
_36719_/S1                              1.50    5.75   -4.25 (VIOLATED)
_36720_/S1                              1.50    5.75   -4.25 (VIOLATED)
_36721_/S1                              1.50    5.75   -4.25 (VIOLATED)
_36722_/S1                              1.50    5.75   -4.25 (VIOLATED)
_36723_/S1                              1.50    5.75   -4.25 (VIOLATED)
_36725_/S1                              1.50    5.75   -4.25 (VIOLATED)
_36726_/S1                              1.50    5.75   -4.25 (VIOLATED)
_36727_/S1                              1.50    5.75   -4.25 (VIOLATED)
_36728_/S1                              1.50    5.75   -4.25 (VIOLATED)
_36729_/S1                              1.50    5.75   -4.25 (VIOLATED)
_36731_/S1                              1.50    5.75   -4.25 (VIOLATED)
_36732_/S1                              1.50    5.75   -4.25 (VIOLATED)
_36733_/S1                              1.50    5.75   -4.25 (VIOLATED)
_36734_/S1                              1.50    5.75   -4.25 (VIOLATED)
_36735_/S1                              1.50    5.75   -4.25 (VIOLATED)
_36737_/S1                              1.50    5.75   -4.25 (VIOLATED)
_36738_/S1                              1.50    5.75   -4.25 (VIOLATED)
_36739_/S1                              1.50    5.75   -4.25 (VIOLATED)
_36740_/S1                              1.50    5.75   -4.25 (VIOLATED)
_36741_/S1                              1.50    5.75   -4.25 (VIOLATED)
_36743_/S1                              1.50    5.75   -4.25 (VIOLATED)
_36744_/S1                              1.50    5.75   -4.25 (VIOLATED)
_36745_/S1                              1.50    5.75   -4.25 (VIOLATED)
_36746_/S1                              1.50    5.75   -4.25 (VIOLATED)
_36747_/S1                              1.50    5.75   -4.25 (VIOLATED)
_36749_/S1                              1.50    5.75   -4.25 (VIOLATED)
_36750_/S1                              1.50    5.75   -4.25 (VIOLATED)
_36751_/S1                              1.50    5.75   -4.25 (VIOLATED)
_36752_/S1                              1.50    5.75   -4.25 (VIOLATED)
_36753_/S1                              1.50    5.75   -4.25 (VIOLATED)
_36260_/X                               1.51    5.75   -4.25 (VIOLATED)
_18485_/B_N                             1.50    2.90   -1.40 (VIOLATED)
_21859_/C                               1.50    2.90   -1.40 (VIOLATED)
_35966_/S                               1.50    2.90   -1.40 (VIOLATED)
_35970_/S                               1.50    2.90   -1.40 (VIOLATED)
_35974_/S                               1.50    2.90   -1.40 (VIOLATED)
_35978_/S                               1.50    2.90   -1.40 (VIOLATED)
_35982_/S                               1.50    2.90   -1.40 (VIOLATED)
_35986_/S                               1.50    2.90   -1.40 (VIOLATED)
_35990_/S                               1.50    2.90   -1.40 (VIOLATED)
_35994_/S                               1.50    2.90   -1.40 (VIOLATED)
_35998_/S                               1.50    2.90   -1.40 (VIOLATED)
_36002_/S                               1.50    2.90   -1.40 (VIOLATED)
_36006_/S                               1.50    2.90   -1.40 (VIOLATED)
_36010_/S                               1.50    2.90   -1.40 (VIOLATED)
_36014_/S                               1.50    2.90   -1.40 (VIOLATED)
_36018_/S                               1.50    2.90   -1.40 (VIOLATED)
_36022_/S                               1.50    2.90   -1.40 (VIOLATED)
_36026_/S                               1.50    2.90   -1.40 (VIOLATED)
_36030_/S                               1.50    2.90   -1.40 (VIOLATED)
_36036_/S                               1.50    2.90   -1.40 (VIOLATED)
_36042_/S                               1.50    2.90   -1.40 (VIOLATED)
_36048_/S                               1.50    2.90   -1.40 (VIOLATED)
_36054_/S                               1.50    2.90   -1.40 (VIOLATED)
_36060_/S                               1.50    2.90   -1.40 (VIOLATED)
_36066_/S                               1.50    2.90   -1.40 (VIOLATED)
_36072_/S                               1.50    2.90   -1.40 (VIOLATED)
_36078_/S                               1.50    2.90   -1.40 (VIOLATED)
_36084_/S                               1.50    2.90   -1.40 (VIOLATED)
_36090_/S                               1.50    2.90   -1.40 (VIOLATED)
_36096_/S                               1.50    2.90   -1.40 (VIOLATED)
_36102_/S                               1.50    2.90   -1.40 (VIOLATED)
_36108_/S                               1.50    2.90   -1.40 (VIOLATED)
_36114_/S                               1.50    2.90   -1.40 (VIOLATED)
_36120_/S                               1.50    2.90   -1.40 (VIOLATED)
_18484_/Y                               1.50    2.90   -1.40 (VIOLATED)
_35481_/S                               1.50    2.75   -1.25 (VIOLATED)
_35482_/S                               1.50    2.75   -1.25 (VIOLATED)
_35483_/S                               1.50    2.75   -1.25 (VIOLATED)
_35484_/S                               1.50    2.75   -1.25 (VIOLATED)
_35485_/S                               1.50    2.75   -1.25 (VIOLATED)
_35486_/S                               1.50    2.75   -1.25 (VIOLATED)
_35487_/S                               1.50    2.75   -1.25 (VIOLATED)
_35488_/S                               1.50    2.75   -1.25 (VIOLATED)
_35489_/S                               1.50    2.75   -1.25 (VIOLATED)
_35490_/S                               1.50    2.75   -1.25 (VIOLATED)
_35491_/S                               1.50    2.75   -1.25 (VIOLATED)
_35492_/S                               1.50    2.75   -1.25 (VIOLATED)
_35493_/S                               1.50    2.75   -1.25 (VIOLATED)
_35494_/S                               1.50    2.75   -1.25 (VIOLATED)
_35495_/S                               1.50    2.75   -1.25 (VIOLATED)
_35496_/S                               1.50    2.75   -1.25 (VIOLATED)
_35497_/S                               1.50    2.75   -1.25 (VIOLATED)
_35498_/S                               1.50    2.75   -1.25 (VIOLATED)
_35499_/S                               1.50    2.75   -1.25 (VIOLATED)
_35500_/S                               1.50    2.75   -1.25 (VIOLATED)
_35501_/S                               1.50    2.75   -1.25 (VIOLATED)
_35502_/S                               1.50    2.75   -1.25 (VIOLATED)
_35503_/S                               1.50    2.75   -1.25 (VIOLATED)
_35504_/S                               1.50    2.75   -1.25 (VIOLATED)
_35505_/S                               1.50    2.75   -1.25 (VIOLATED)
_35506_/S                               1.50    2.75   -1.25 (VIOLATED)
_35507_/S                               1.50    2.75   -1.25 (VIOLATED)
_35508_/S                               1.50    2.75   -1.25 (VIOLATED)
_35509_/S                               1.50    2.75   -1.25 (VIOLATED)
_35510_/S                               1.50    2.75   -1.25 (VIOLATED)
_35511_/S                               1.50    2.75   -1.25 (VIOLATED)
_35512_/S                               1.50    2.75   -1.25 (VIOLATED)
_23814_/Y                               1.50    2.75   -1.25 (VIOLATED)
_23204_/Y                               1.49    2.35   -0.86 (VIOLATED)
_23216_/B1                              1.50    2.35   -0.85 (VIOLATED)
_35400_/S                               1.50    2.35   -0.85 (VIOLATED)
_35401_/S                               1.50    2.35   -0.85 (VIOLATED)
_35402_/S                               1.50    2.35   -0.85 (VIOLATED)
_35403_/S                               1.50    2.35   -0.85 (VIOLATED)
_35404_/S                               1.50    2.35   -0.85 (VIOLATED)
_35405_/S                               1.50    2.35   -0.85 (VIOLATED)
_35406_/S                               1.50    2.35   -0.85 (VIOLATED)
_35407_/S                               1.50    2.35   -0.85 (VIOLATED)
_35408_/S                               1.50    2.35   -0.85 (VIOLATED)
_35409_/S                               1.50    2.35   -0.85 (VIOLATED)
_35410_/S                               1.50    2.35   -0.85 (VIOLATED)
_35411_/S                               1.50    2.35   -0.85 (VIOLATED)
_35412_/S                               1.50    2.35   -0.85 (VIOLATED)
_35413_/S                               1.50    2.35   -0.85 (VIOLATED)
_35414_/S                               1.50    2.35   -0.85 (VIOLATED)
_35415_/S                               1.50    2.35   -0.85 (VIOLATED)
_35416_/S                               1.50    2.35   -0.85 (VIOLATED)
_35417_/S                               1.50    2.35   -0.85 (VIOLATED)
_35418_/S                               1.50    2.35   -0.85 (VIOLATED)
_35419_/S                               1.50    2.35   -0.85 (VIOLATED)
_35420_/S                               1.50    2.35   -0.85 (VIOLATED)
_35421_/S                               1.50    2.35   -0.85 (VIOLATED)
_35422_/S                               1.50    2.35   -0.85 (VIOLATED)
_35423_/S                               1.50    2.35   -0.85 (VIOLATED)
_36034_/S                               1.50    2.35   -0.85 (VIOLATED)
_36040_/S                               1.50    2.35   -0.85 (VIOLATED)
_36046_/S                               1.50    2.35   -0.85 (VIOLATED)
_36052_/S                               1.50    2.35   -0.85 (VIOLATED)
_36058_/S                               1.50    2.35   -0.85 (VIOLATED)
_36064_/S                               1.50    2.35   -0.85 (VIOLATED)
_36070_/S                               1.50    2.35   -0.85 (VIOLATED)
_36076_/S                               1.50    2.35   -0.85 (VIOLATED)
_36081_/S                               1.50    2.35   -0.85 (VIOLATED)
_36087_/S                               1.50    2.35   -0.85 (VIOLATED)
_36093_/S                               1.50    2.35   -0.85 (VIOLATED)
_36099_/S                               1.50    2.35   -0.85 (VIOLATED)
_36105_/S                               1.50    2.35   -0.85 (VIOLATED)
_36111_/S                               1.50    2.35   -0.85 (VIOLATED)
_36117_/S                               1.50    2.35   -0.85 (VIOLATED)
_36123_/S                               1.50    2.35   -0.85 (VIOLATED)
_21329_/S                               1.50    2.26   -0.76 (VIOLATED)
_21330_/S                               1.50    2.26   -0.76 (VIOLATED)
_21331_/S                               1.50    2.26   -0.76 (VIOLATED)
_21332_/S                               1.50    2.26   -0.76 (VIOLATED)
_21333_/S                               1.50    2.26   -0.76 (VIOLATED)
_35424_/S                               1.50    2.26   -0.76 (VIOLATED)
_35425_/S                               1.50    2.26   -0.76 (VIOLATED)
_35426_/S                               1.50    2.26   -0.76 (VIOLATED)
_35427_/S                               1.50    2.26   -0.76 (VIOLATED)
_35428_/S                               1.50    2.26   -0.76 (VIOLATED)
_35429_/S                               1.50    2.26   -0.76 (VIOLATED)
_35430_/S                               1.50    2.26   -0.76 (VIOLATED)
_35431_/S                               1.50    2.26   -0.76 (VIOLATED)
_35432_/S                               1.50    2.26   -0.76 (VIOLATED)
_35433_/S                               1.50    2.26   -0.76 (VIOLATED)
_35434_/S                               1.50    2.26   -0.76 (VIOLATED)
_35435_/S                               1.50    2.26   -0.76 (VIOLATED)
_35436_/S                               1.50    2.26   -0.76 (VIOLATED)
_35437_/S                               1.50    2.26   -0.76 (VIOLATED)
_35438_/S                               1.50    2.26   -0.76 (VIOLATED)
_35439_/S                               1.50    2.26   -0.76 (VIOLATED)
_35440_/S                               1.50    2.26   -0.76 (VIOLATED)
_35441_/S                               1.50    2.26   -0.76 (VIOLATED)
_35442_/S                               1.50    2.26   -0.76 (VIOLATED)
_35443_/S                               1.50    2.26   -0.76 (VIOLATED)
_35444_/S                               1.50    2.26   -0.76 (VIOLATED)
_35445_/S                               1.50    2.26   -0.76 (VIOLATED)
_35446_/S                               1.50    2.26   -0.76 (VIOLATED)
_35447_/S                               1.50    2.26   -0.76 (VIOLATED)
_35448_/S                               1.50    2.26   -0.76 (VIOLATED)
_36274_/S                               1.50    2.26   -0.76 (VIOLATED)
_36275_/S                               1.50    2.26   -0.76 (VIOLATED)
_36276_/S                               1.50    2.26   -0.76 (VIOLATED)
_36277_/S                               1.50    2.26   -0.76 (VIOLATED)
_36278_/S                               1.50    2.26   -0.76 (VIOLATED)
_36279_/S                               1.50    2.26   -0.76 (VIOLATED)
_36280_/S                               1.50    2.26   -0.76 (VIOLATED)
_21328_/X                               1.51    2.26   -0.75 (VIOLATED)
_18539_/Y                               1.49    2.12   -0.62 (VIOLATED)
_18540_/D                               1.50    2.12   -0.62 (VIOLATED)
_21838_/A1                              1.50    2.12   -0.62 (VIOLATED)
_21861_/A                               1.50    2.12   -0.62 (VIOLATED)
_22021_/B2                              1.50    2.12   -0.62 (VIOLATED)
_23229_/C                               1.50    2.12   -0.62 (VIOLATED)
_36367_/S                               1.50    2.12   -0.62 (VIOLATED)
_36369_/S                               1.50    2.12   -0.62 (VIOLATED)
_36371_/S                               1.50    2.12   -0.62 (VIOLATED)
_36373_/S                               1.50    2.12   -0.62 (VIOLATED)
_36375_/S                               1.50    2.12   -0.62 (VIOLATED)
_36377_/S                               1.50    2.12   -0.62 (VIOLATED)
_36379_/S                               1.50    2.12   -0.62 (VIOLATED)
_36381_/S                               1.50    2.12   -0.62 (VIOLATED)
_36383_/S                               1.50    2.12   -0.62 (VIOLATED)
_36385_/S                               1.50    2.12   -0.62 (VIOLATED)
_36387_/S                               1.50    2.12   -0.62 (VIOLATED)
_36389_/S                               1.50    2.12   -0.62 (VIOLATED)
_36391_/S                               1.50    2.12   -0.62 (VIOLATED)
_36393_/S                               1.50    2.12   -0.62 (VIOLATED)
_36395_/S                               1.50    2.12   -0.62 (VIOLATED)
_36397_/S                               1.50    2.12   -0.62 (VIOLATED)
_36399_/S                               1.50    2.12   -0.62 (VIOLATED)
_36401_/S                               1.50    2.12   -0.62 (VIOLATED)
_36403_/S                               1.50    2.12   -0.62 (VIOLATED)
_36405_/S                               1.50    2.12   -0.62 (VIOLATED)
_36407_/S                               1.50    2.12   -0.62 (VIOLATED)
_36409_/S                               1.50    2.12   -0.62 (VIOLATED)
_36411_/S                               1.50    2.12   -0.62 (VIOLATED)
_36413_/S                               1.50    2.12   -0.62 (VIOLATED)
_36415_/S                               1.50    2.12   -0.62 (VIOLATED)
_36417_/S                               1.50    2.12   -0.62 (VIOLATED)
_36419_/S                               1.50    2.12   -0.62 (VIOLATED)
_36421_/S                               1.50    2.12   -0.62 (VIOLATED)
_36423_/S                               1.50    2.12   -0.62 (VIOLATED)
_36425_/S                               1.50    2.12   -0.62 (VIOLATED)
_36427_/S                               1.50    2.12   -0.62 (VIOLATED)
_36429_/S                               1.50    2.12   -0.62 (VIOLATED)
_18325_/Y                               1.49    2.09   -0.60 (VIOLATED)
_18328_/A                               1.50    2.09   -0.59 (VIOLATED)
_23208_/A                               1.50    2.09   -0.59 (VIOLATED)
_23214_/A                               1.50    2.09   -0.59 (VIOLATED)
_23219_/A                               1.50    2.09   -0.59 (VIOLATED)
_23223_/A                               1.50    2.09   -0.59 (VIOLATED)
_35341_/S                               1.50    2.09   -0.59 (VIOLATED)
_35343_/S                               1.50    2.09   -0.59 (VIOLATED)
_35345_/S                               1.50    2.09   -0.59 (VIOLATED)
_35347_/S                               1.50    2.09   -0.59 (VIOLATED)
_35349_/S                               1.50    2.09   -0.59 (VIOLATED)
_35351_/S                               1.50    2.09   -0.59 (VIOLATED)
_35353_/S                               1.50    2.09   -0.59 (VIOLATED)
_35355_/S                               1.50    2.09   -0.59 (VIOLATED)
_35357_/S                               1.50    2.09   -0.59 (VIOLATED)
_35359_/S                               1.50    2.09   -0.59 (VIOLATED)
_35361_/S                               1.50    2.09   -0.59 (VIOLATED)
_35363_/S                               1.50    2.09   -0.59 (VIOLATED)
_35365_/S                               1.50    2.09   -0.59 (VIOLATED)
_35367_/S                               1.50    2.09   -0.59 (VIOLATED)
_35369_/S                               1.50    2.09   -0.59 (VIOLATED)
_35371_/S                               1.50    2.09   -0.59 (VIOLATED)
_35373_/S                               1.50    2.09   -0.59 (VIOLATED)
_35375_/S                               1.50    2.09   -0.59 (VIOLATED)
_35377_/S                               1.50    2.09   -0.59 (VIOLATED)
_35379_/S                               1.50    2.09   -0.59 (VIOLATED)
_35381_/S                               1.50    2.09   -0.59 (VIOLATED)
_35383_/S                               1.50    2.09   -0.59 (VIOLATED)
_35385_/S                               1.50    2.09   -0.59 (VIOLATED)
_35387_/S                               1.50    2.09   -0.59 (VIOLATED)
_35389_/S                               1.50    2.09   -0.59 (VIOLATED)
_35391_/S                               1.50    2.09   -0.59 (VIOLATED)
_35393_/S                               1.50    2.09   -0.59 (VIOLATED)
_35395_/S                               1.50    2.09   -0.59 (VIOLATED)
_35397_/S                               1.50    2.09   -0.59 (VIOLATED)
_35399_/S                               1.50    2.09   -0.59 (VIOLATED)
_18495_/Y                               1.49    2.01   -0.51 (VIOLATED)
_18496_/C_N                             1.50    2.01   -0.51 (VIOLATED)
_21859_/B                               1.50    2.01   -0.51 (VIOLATED)
_21886_/C                               1.50    2.01   -0.51 (VIOLATED)
_35967_/S                               1.50    2.01   -0.51 (VIOLATED)
_35971_/S                               1.50    2.01   -0.51 (VIOLATED)
_35975_/S                               1.50    2.01   -0.51 (VIOLATED)
_35979_/S                               1.50    2.01   -0.51 (VIOLATED)
_35983_/S                               1.50    2.01   -0.51 (VIOLATED)
_35987_/S                               1.50    2.01   -0.51 (VIOLATED)
_35991_/S                               1.50    2.01   -0.51 (VIOLATED)
_35995_/S                               1.50    2.01   -0.51 (VIOLATED)
_35999_/S                               1.50    2.01   -0.51 (VIOLATED)
_36003_/S                               1.50    2.01   -0.51 (VIOLATED)
_36007_/S                               1.50    2.01   -0.51 (VIOLATED)
_36011_/S                               1.50    2.01   -0.51 (VIOLATED)
_36015_/S                               1.50    2.01   -0.51 (VIOLATED)
_36019_/S                               1.50    2.01   -0.51 (VIOLATED)
_36023_/S                               1.50    2.01   -0.51 (VIOLATED)
_36027_/S                               1.50    2.01   -0.51 (VIOLATED)
_36031_/S                               1.50    2.01   -0.51 (VIOLATED)
_36037_/S                               1.50    2.01   -0.51 (VIOLATED)
_36043_/S                               1.50    2.01   -0.51 (VIOLATED)
_36049_/S                               1.50    2.01   -0.51 (VIOLATED)
_36055_/S                               1.50    2.01   -0.51 (VIOLATED)
_36061_/S                               1.50    2.01   -0.51 (VIOLATED)
_36067_/S                               1.50    2.01   -0.51 (VIOLATED)
_36073_/S                               1.50    2.01   -0.51 (VIOLATED)
_36079_/S                               1.50    2.01   -0.51 (VIOLATED)
_36085_/S                               1.50    2.01   -0.51 (VIOLATED)
_36091_/S                               1.50    2.01   -0.51 (VIOLATED)
_36097_/S                               1.50    2.01   -0.51 (VIOLATED)
_36103_/S                               1.50    2.01   -0.51 (VIOLATED)
_36109_/S                               1.50    2.01   -0.51 (VIOLATED)
_36115_/S                               1.50    2.01   -0.51 (VIOLATED)
_36121_/S                               1.50    2.01   -0.51 (VIOLATED)
_22684_/Y                               1.49    1.97   -0.47 (VIOLATED)
_22685_/B                               1.50    1.97   -0.47 (VIOLATED)
_35963_/S                               1.50    1.97   -0.47 (VIOLATED)
_36194_/S                               1.50    1.97   -0.47 (VIOLATED)
_36195_/S                               1.50    1.97   -0.47 (VIOLATED)
_36196_/S                               1.50    1.97   -0.47 (VIOLATED)
_36197_/S                               1.50    1.97   -0.47 (VIOLATED)
_36198_/S                               1.50    1.97   -0.47 (VIOLATED)
_36199_/S                               1.50    1.97   -0.47 (VIOLATED)
_36200_/S                               1.50    1.97   -0.47 (VIOLATED)
_36201_/S                               1.50    1.97   -0.47 (VIOLATED)
_36202_/S                               1.50    1.97   -0.47 (VIOLATED)
_36203_/S                               1.50    1.97   -0.47 (VIOLATED)
_36204_/S                               1.50    1.97   -0.47 (VIOLATED)
_36205_/S                               1.50    1.97   -0.47 (VIOLATED)
_36206_/S                               1.50    1.97   -0.47 (VIOLATED)
_36207_/S                               1.50    1.97   -0.47 (VIOLATED)
_36208_/S                               1.50    1.97   -0.47 (VIOLATED)
_36209_/S                               1.50    1.97   -0.47 (VIOLATED)
_36210_/S                               1.50    1.97   -0.47 (VIOLATED)
_36211_/S                               1.50    1.97   -0.47 (VIOLATED)
_36212_/S                               1.50    1.97   -0.47 (VIOLATED)
_36213_/S                               1.50    1.97   -0.47 (VIOLATED)
_36214_/S                               1.50    1.97   -0.47 (VIOLATED)
_36215_/S                               1.50    1.97   -0.47 (VIOLATED)
_36216_/S                               1.50    1.97   -0.47 (VIOLATED)
_36217_/S                               1.50    1.97   -0.47 (VIOLATED)
_36218_/S                               1.50    1.97   -0.47 (VIOLATED)
_36219_/S                               1.50    1.97   -0.47 (VIOLATED)
_36220_/S                               1.50    1.97   -0.47 (VIOLATED)
_36221_/S                               1.50    1.97   -0.47 (VIOLATED)
_36222_/S                               1.50    1.97   -0.47 (VIOLATED)
_36223_/S                               1.50    1.97   -0.47 (VIOLATED)
_36224_/S                               1.50    1.97   -0.47 (VIOLATED)
_19995_/A                               1.50    1.92   -0.42 (VIOLATED)
_21770_/A                               1.50    1.92   -0.42 (VIOLATED)
_21979_/A                               1.50    1.92   -0.42 (VIOLATED)
_24327_/B                               1.50    1.92   -0.42 (VIOLATED)
_35332_/A                               1.50    1.92   -0.42 (VIOLATED)
_35634_/S                               1.50    1.92   -0.42 (VIOLATED)
_35638_/S                               1.50    1.92   -0.42 (VIOLATED)
_35643_/S                               1.50    1.92   -0.42 (VIOLATED)
_35648_/S                               1.50    1.92   -0.42 (VIOLATED)
_35653_/S                               1.50    1.92   -0.42 (VIOLATED)
_35658_/S                               1.50    1.92   -0.42 (VIOLATED)
_35662_/S                               1.50    1.92   -0.42 (VIOLATED)
_35666_/S                               1.50    1.92   -0.42 (VIOLATED)
_35780_/S                               1.50    1.92   -0.42 (VIOLATED)
_35781_/S                               1.50    1.92   -0.42 (VIOLATED)
_35783_/S                               1.50    1.92   -0.42 (VIOLATED)
_35784_/S                               1.50    1.92   -0.42 (VIOLATED)
_35786_/S                               1.50    1.92   -0.42 (VIOLATED)
_35787_/S                               1.50    1.92   -0.42 (VIOLATED)
_35788_/S                               1.50    1.92   -0.42 (VIOLATED)
_35791_/S                               1.50    1.92   -0.42 (VIOLATED)
_35792_/S                               1.50    1.92   -0.42 (VIOLATED)
_35794_/S                               1.50    1.92   -0.42 (VIOLATED)
_35795_/S                               1.50    1.92   -0.42 (VIOLATED)
_35797_/S                               1.50    1.92   -0.42 (VIOLATED)
_35798_/S                               1.50    1.92   -0.42 (VIOLATED)
_35799_/S                               1.50    1.92   -0.42 (VIOLATED)
_35802_/S                               1.50    1.92   -0.42 (VIOLATED)
_35805_/S                               1.50    1.92   -0.42 (VIOLATED)
_35809_/S                               1.50    1.92   -0.42 (VIOLATED)
_35812_/S                               1.50    1.92   -0.42 (VIOLATED)
_35816_/S                               1.50    1.92   -0.42 (VIOLATED)
_35819_/S                               1.50    1.92   -0.42 (VIOLATED)
_35822_/S                               1.50    1.92   -0.42 (VIOLATED)
_35828_/S                               1.50    1.92   -0.42 (VIOLATED)
_35831_/S                               1.50    1.92   -0.42 (VIOLATED)
_35835_/S                               1.50    1.92   -0.42 (VIOLATED)
_35838_/S                               1.50    1.92   -0.42 (VIOLATED)
_35842_/S                               1.50    1.92   -0.42 (VIOLATED)
_35845_/S                               1.50    1.92   -0.42 (VIOLATED)
_35848_/S                               1.50    1.92   -0.42 (VIOLATED)
_35854_/S                               1.50    1.92   -0.42 (VIOLATED)
_35856_/S                               1.50    1.92   -0.42 (VIOLATED)
_35858_/S                               1.50    1.92   -0.42 (VIOLATED)
_35860_/S                               1.50    1.92   -0.42 (VIOLATED)
_35864_/S                               1.50    1.92   -0.42 (VIOLATED)
_35869_/S                               1.50    1.92   -0.42 (VIOLATED)
_35874_/S                               1.50    1.92   -0.42 (VIOLATED)
_35879_/S                               1.50    1.92   -0.42 (VIOLATED)
_35883_/S                               1.50    1.92   -0.42 (VIOLATED)
_35884_/S                               1.50    1.92   -0.42 (VIOLATED)
_35886_/S                               1.50    1.92   -0.42 (VIOLATED)
_35887_/S                               1.50    1.92   -0.42 (VIOLATED)
_35889_/S                               1.50    1.92   -0.42 (VIOLATED)
_35891_/S                               1.50    1.92   -0.42 (VIOLATED)
_35892_/S                               1.50    1.92   -0.42 (VIOLATED)
_35894_/S                               1.50    1.92   -0.42 (VIOLATED)
_35895_/S                               1.50    1.92   -0.42 (VIOLATED)
_35897_/S                               1.50    1.92   -0.42 (VIOLATED)
_35899_/S                               1.50    1.92   -0.42 (VIOLATED)
_35902_/S                               1.50    1.92   -0.42 (VIOLATED)
_35906_/S                               1.50    1.92   -0.42 (VIOLATED)
_35909_/S                               1.50    1.92   -0.42 (VIOLATED)
_35914_/S                               1.50    1.92   -0.42 (VIOLATED)
_35917_/S                               1.50    1.92   -0.42 (VIOLATED)
_35921_/S                               1.50    1.92   -0.42 (VIOLATED)
_35924_/S                               1.50    1.92   -0.42 (VIOLATED)
_37957_/Q                               1.51    1.92   -0.41 (VIOLATED)
_19998_/A                               1.50    1.90   -0.40 (VIOLATED)
_21775_/A                               1.50    1.90   -0.40 (VIOLATED)
_24316_/B                               1.50    1.90   -0.40 (VIOLATED)
_24327_/C                               1.50    1.90   -0.40 (VIOLATED)
_35331_/A                               1.50    1.90   -0.40 (VIOLATED)
_35642_/S                               1.50    1.90   -0.40 (VIOLATED)
_35647_/S                               1.50    1.90   -0.40 (VIOLATED)
_35652_/S                               1.50    1.90   -0.40 (VIOLATED)
_35657_/S                               1.50    1.90   -0.40 (VIOLATED)
_35803_/S                               1.50    1.90   -0.40 (VIOLATED)
_35804_/S                               1.50    1.90   -0.40 (VIOLATED)
_35806_/S                               1.50    1.90   -0.40 (VIOLATED)
_35807_/S                               1.50    1.90   -0.40 (VIOLATED)
_35810_/S                               1.50    1.90   -0.40 (VIOLATED)
_35811_/S                               1.50    1.90   -0.40 (VIOLATED)
_35813_/S                               1.50    1.90   -0.40 (VIOLATED)
_35814_/S                               1.50    1.90   -0.40 (VIOLATED)
_35817_/S                               1.50    1.90   -0.40 (VIOLATED)
_35818_/S                               1.50    1.90   -0.40 (VIOLATED)
_35820_/S                               1.50    1.90   -0.40 (VIOLATED)
_35821_/S                               1.50    1.90   -0.40 (VIOLATED)
_35823_/S                               1.50    1.90   -0.40 (VIOLATED)
_35824_/S                               1.50    1.90   -0.40 (VIOLATED)
_35825_/S                               1.50    1.90   -0.40 (VIOLATED)
_35829_/S                               1.50    1.90   -0.40 (VIOLATED)
_35830_/S                               1.50    1.90   -0.40 (VIOLATED)
_35832_/S                               1.50    1.90   -0.40 (VIOLATED)
_35833_/S                               1.50    1.90   -0.40 (VIOLATED)
_35836_/S                               1.50    1.90   -0.40 (VIOLATED)
_35837_/S                               1.50    1.90   -0.40 (VIOLATED)
_35839_/S                               1.50    1.90   -0.40 (VIOLATED)
_35840_/S                               1.50    1.90   -0.40 (VIOLATED)
_35843_/S                               1.50    1.90   -0.40 (VIOLATED)
_35844_/S                               1.50    1.90   -0.40 (VIOLATED)
_35846_/S                               1.50    1.90   -0.40 (VIOLATED)
_35847_/S                               1.50    1.90   -0.40 (VIOLATED)
_35849_/S                               1.50    1.90   -0.40 (VIOLATED)
_35850_/S                               1.50    1.90   -0.40 (VIOLATED)
_35851_/S                               1.50    1.90   -0.40 (VIOLATED)
_35852_/S                               1.50    1.90   -0.40 (VIOLATED)
_35853_/S                               1.50    1.90   -0.40 (VIOLATED)
_35855_/S                               1.50    1.90   -0.40 (VIOLATED)
_35857_/S                               1.50    1.90   -0.40 (VIOLATED)
_35859_/S                               1.50    1.90   -0.40 (VIOLATED)
_35861_/S                               1.50    1.90   -0.40 (VIOLATED)
_35865_/S                               1.50    1.90   -0.40 (VIOLATED)
_35870_/S                               1.50    1.90   -0.40 (VIOLATED)
_35875_/S                               1.50    1.90   -0.40 (VIOLATED)
_35880_/S                               1.50    1.90   -0.40 (VIOLATED)
_35888_/S                               1.50    1.90   -0.40 (VIOLATED)
_35896_/S                               1.50    1.90   -0.40 (VIOLATED)
_35900_/S                               1.50    1.90   -0.40 (VIOLATED)
_35901_/S                               1.50    1.90   -0.40 (VIOLATED)
_35903_/S                               1.50    1.90   -0.40 (VIOLATED)
_35904_/S                               1.50    1.90   -0.40 (VIOLATED)
_35907_/S                               1.50    1.90   -0.40 (VIOLATED)
_35908_/S                               1.50    1.90   -0.40 (VIOLATED)
_35910_/S                               1.50    1.90   -0.40 (VIOLATED)
_35911_/S                               1.50    1.90   -0.40 (VIOLATED)
_35912_/S                               1.50    1.90   -0.40 (VIOLATED)
_35915_/S                               1.50    1.90   -0.40 (VIOLATED)
_35916_/S                               1.50    1.90   -0.40 (VIOLATED)
_35918_/S                               1.50    1.90   -0.40 (VIOLATED)
_35919_/S                               1.50    1.90   -0.40 (VIOLATED)
_35922_/S                               1.50    1.90   -0.40 (VIOLATED)
_35923_/S                               1.50    1.90   -0.40 (VIOLATED)
_35925_/S                               1.50    1.90   -0.40 (VIOLATED)
_35926_/S                               1.50    1.90   -0.40 (VIOLATED)
_37956_/Q                               1.51    1.90   -0.40 (VIOLATED)
_21887_/Y                               1.49    1.85   -0.36 (VIOLATED)
_21888_/D_N                             1.50    1.85   -0.35 (VIOLATED)
_36430_/S                               1.50    1.85   -0.35 (VIOLATED)
_36432_/S                               1.50    1.85   -0.35 (VIOLATED)
_36434_/S                               1.50    1.85   -0.35 (VIOLATED)
_36436_/S                               1.50    1.85   -0.35 (VIOLATED)
_36438_/S                               1.50    1.85   -0.35 (VIOLATED)
_36440_/S                               1.50    1.85   -0.35 (VIOLATED)
_36442_/S                               1.50    1.85   -0.35 (VIOLATED)
_36444_/S                               1.50    1.85   -0.35 (VIOLATED)
_36446_/S                               1.50    1.85   -0.35 (VIOLATED)
_36448_/S                               1.50    1.85   -0.35 (VIOLATED)
_36450_/S                               1.50    1.85   -0.35 (VIOLATED)
_36452_/S                               1.50    1.85   -0.35 (VIOLATED)
_36454_/S                               1.50    1.85   -0.35 (VIOLATED)
_36456_/S                               1.50    1.85   -0.35 (VIOLATED)
_36458_/S                               1.50    1.85   -0.35 (VIOLATED)
_36460_/S                               1.50    1.85   -0.35 (VIOLATED)
_36462_/S                               1.50    1.85   -0.35 (VIOLATED)
_36464_/S                               1.50    1.85   -0.35 (VIOLATED)
_36466_/S                               1.50    1.85   -0.35 (VIOLATED)
_36468_/S                               1.50    1.85   -0.35 (VIOLATED)
_36470_/S                               1.50    1.85   -0.35 (VIOLATED)
_36472_/S                               1.50    1.85   -0.35 (VIOLATED)
_36474_/S                               1.50    1.85   -0.35 (VIOLATED)
_36476_/S                               1.50    1.85   -0.35 (VIOLATED)
_36478_/S                               1.50    1.85   -0.35 (VIOLATED)
_36480_/S                               1.50    1.85   -0.35 (VIOLATED)
_36482_/S                               1.50    1.85   -0.35 (VIOLATED)
_36485_/S                               1.50    1.85   -0.35 (VIOLATED)
_36488_/S                               1.50    1.85   -0.35 (VIOLATED)
_36491_/S                               1.50    1.85   -0.35 (VIOLATED)
_36494_/S                               1.50    1.85   -0.35 (VIOLATED)
_36497_/S                               1.50    1.85   -0.35 (VIOLATED)
_19993_/A                               1.50    1.85   -0.35 (VIOLATED)
_21765_/A                               1.50    1.85   -0.35 (VIOLATED)
_21967_/A                               1.50    1.85   -0.35 (VIOLATED)
_24327_/A                               1.50    1.85   -0.35 (VIOLATED)
_35333_/A                               1.50    1.85   -0.35 (VIOLATED)
_35622_/S                               1.50    1.85   -0.35 (VIOLATED)
_35625_/S                               1.50    1.85   -0.35 (VIOLATED)
_35628_/S                               1.50    1.85   -0.35 (VIOLATED)
_35631_/S                               1.50    1.85   -0.35 (VIOLATED)
_35635_/S                               1.50    1.85   -0.35 (VIOLATED)
_35639_/S                               1.50    1.85   -0.35 (VIOLATED)
_35644_/S                               1.50    1.85   -0.35 (VIOLATED)
_35649_/S                               1.50    1.85   -0.35 (VIOLATED)
_35654_/S                               1.50    1.85   -0.35 (VIOLATED)
_35659_/S                               1.50    1.85   -0.35 (VIOLATED)
_35663_/S                               1.50    1.85   -0.35 (VIOLATED)
_35667_/S                               1.50    1.85   -0.35 (VIOLATED)
_35670_/S                               1.50    1.85   -0.35 (VIOLATED)
_35673_/S                               1.50    1.85   -0.35 (VIOLATED)
_35676_/S                               1.50    1.85   -0.35 (VIOLATED)
_35679_/S                               1.50    1.85   -0.35 (VIOLATED)
_35763_/S                               1.50    1.85   -0.35 (VIOLATED)
_35764_/S                               1.50    1.85   -0.35 (VIOLATED)
_35765_/S                               1.50    1.85   -0.35 (VIOLATED)
_35767_/S                               1.50    1.85   -0.35 (VIOLATED)
_35768_/S                               1.50    1.85   -0.35 (VIOLATED)
_35769_/S                               1.50    1.85   -0.35 (VIOLATED)
_35771_/S                               1.50    1.85   -0.35 (VIOLATED)
_35772_/S                               1.50    1.85   -0.35 (VIOLATED)
_35773_/S                               1.50    1.85   -0.35 (VIOLATED)
_35775_/S                               1.50    1.85   -0.35 (VIOLATED)
_35776_/S                               1.50    1.85   -0.35 (VIOLATED)
_35777_/S                               1.50    1.85   -0.35 (VIOLATED)
_35779_/S                               1.50    1.85   -0.35 (VIOLATED)
_35782_/S                               1.50    1.85   -0.35 (VIOLATED)
_35785_/S                               1.50    1.85   -0.35 (VIOLATED)
_35790_/S                               1.50    1.85   -0.35 (VIOLATED)
_35793_/S                               1.50    1.85   -0.35 (VIOLATED)
_35796_/S                               1.50    1.85   -0.35 (VIOLATED)
_35801_/S                               1.50    1.85   -0.35 (VIOLATED)
_35808_/S                               1.50    1.85   -0.35 (VIOLATED)
_35815_/S                               1.50    1.85   -0.35 (VIOLATED)
_35827_/S                               1.50    1.85   -0.35 (VIOLATED)
_35834_/S                               1.50    1.85   -0.35 (VIOLATED)
_35841_/S                               1.50    1.85   -0.35 (VIOLATED)
_35862_/S                               1.50    1.85   -0.35 (VIOLATED)
_35863_/S                               1.50    1.85   -0.35 (VIOLATED)
_35866_/S                               1.50    1.85   -0.35 (VIOLATED)
_35867_/S                               1.50    1.85   -0.35 (VIOLATED)
_35868_/S                               1.50    1.85   -0.35 (VIOLATED)
_35871_/S                               1.50    1.85   -0.35 (VIOLATED)
_35872_/S                               1.50    1.85   -0.35 (VIOLATED)
_35873_/S                               1.50    1.85   -0.35 (VIOLATED)
_35876_/S                               1.50    1.85   -0.35 (VIOLATED)
_35877_/S                               1.50    1.85   -0.35 (VIOLATED)
_35878_/S                               1.50    1.85   -0.35 (VIOLATED)
_35881_/S                               1.50    1.85   -0.35 (VIOLATED)
_35882_/S                               1.50    1.85   -0.35 (VIOLATED)
_35885_/S                               1.50    1.85   -0.35 (VIOLATED)
_35890_/S                               1.50    1.85   -0.35 (VIOLATED)
_35893_/S                               1.50    1.85   -0.35 (VIOLATED)
_35898_/S                               1.50    1.85   -0.35 (VIOLATED)
_35905_/S                               1.50    1.85   -0.35 (VIOLATED)
_35913_/S                               1.50    1.85   -0.35 (VIOLATED)
_35920_/S                               1.50    1.85   -0.35 (VIOLATED)
_37958_/Q                               1.51    1.85   -0.34 (VIOLATED)
_21553_/Y                               1.49    1.82   -0.32 (VIOLATED)
_21556_/A2                              1.50    1.82   -0.32 (VIOLATED)
_35576_/S                               1.50    1.82   -0.32 (VIOLATED)
_35577_/S                               1.50    1.82   -0.32 (VIOLATED)
_35578_/S                               1.50    1.82   -0.32 (VIOLATED)
_35579_/S                               1.50    1.82   -0.32 (VIOLATED)
_35580_/S                               1.50    1.82   -0.32 (VIOLATED)
_35581_/S                               1.50    1.82   -0.32 (VIOLATED)
_35582_/S                               1.50    1.82   -0.32 (VIOLATED)
_35583_/S                               1.50    1.82   -0.32 (VIOLATED)
_35584_/S                               1.50    1.82   -0.32 (VIOLATED)
_35585_/S                               1.50    1.82   -0.32 (VIOLATED)
_35586_/S                               1.50    1.82   -0.32 (VIOLATED)
_35587_/S                               1.50    1.82   -0.32 (VIOLATED)
_35588_/S                               1.50    1.82   -0.32 (VIOLATED)
_35589_/S                               1.50    1.82   -0.32 (VIOLATED)
_35590_/S                               1.50    1.82   -0.32 (VIOLATED)
_35591_/S                               1.50    1.82   -0.32 (VIOLATED)
_35592_/S                               1.50    1.82   -0.32 (VIOLATED)
_35593_/S                               1.50    1.82   -0.32 (VIOLATED)
_35594_/S                               1.50    1.82   -0.32 (VIOLATED)
_35595_/S                               1.50    1.82   -0.32 (VIOLATED)
_35596_/S                               1.50    1.82   -0.32 (VIOLATED)
_35597_/S                               1.50    1.82   -0.32 (VIOLATED)
_35598_/S                               1.50    1.82   -0.32 (VIOLATED)
_35599_/S                               1.50    1.82   -0.32 (VIOLATED)
_35600_/S                               1.50    1.82   -0.32 (VIOLATED)
_35601_/S                               1.50    1.82   -0.32 (VIOLATED)
_35602_/S                               1.50    1.82   -0.32 (VIOLATED)
_35603_/S                               1.50    1.82   -0.32 (VIOLATED)
_35604_/S                               1.50    1.82   -0.32 (VIOLATED)
_35605_/S                               1.50    1.82   -0.32 (VIOLATED)
_36187_/S                               1.50    1.82   -0.32 (VIOLATED)
_18558_/B                               1.50    1.78   -0.28 (VIOLATED)
_36568_/S0                              1.50    1.78   -0.28 (VIOLATED)
_36574_/S0                              1.50    1.78   -0.28 (VIOLATED)
_36580_/S0                              1.50    1.78   -0.28 (VIOLATED)
_36586_/S0                              1.50    1.78   -0.28 (VIOLATED)
_36592_/S0                              1.50    1.78   -0.28 (VIOLATED)
_36598_/S0                              1.50    1.78   -0.28 (VIOLATED)
_36604_/S0                              1.50    1.78   -0.28 (VIOLATED)
_36610_/S0                              1.50    1.78   -0.28 (VIOLATED)
_36616_/S0                              1.50    1.78   -0.28 (VIOLATED)
_36622_/S0                              1.50    1.78   -0.28 (VIOLATED)
_36628_/S0                              1.50    1.78   -0.28 (VIOLATED)
_36634_/S0                              1.50    1.78   -0.28 (VIOLATED)
_36640_/S0                              1.50    1.78   -0.28 (VIOLATED)
_36646_/S0                              1.50    1.78   -0.28 (VIOLATED)
_36652_/S0                              1.50    1.78   -0.28 (VIOLATED)
_36658_/S0                              1.50    1.78   -0.28 (VIOLATED)
_36664_/S0                              1.50    1.78   -0.28 (VIOLATED)
_36670_/S0                              1.50    1.78   -0.28 (VIOLATED)
_36676_/S0                              1.50    1.78   -0.28 (VIOLATED)
_36682_/S0                              1.50    1.78   -0.28 (VIOLATED)
_36688_/S0                              1.50    1.78   -0.28 (VIOLATED)
_36694_/S0                              1.50    1.78   -0.28 (VIOLATED)
_36700_/S0                              1.50    1.78   -0.28 (VIOLATED)
_36706_/S0                              1.50    1.78   -0.28 (VIOLATED)
_36712_/S0                              1.50    1.78   -0.28 (VIOLATED)
_36718_/S0                              1.50    1.78   -0.28 (VIOLATED)
_36724_/S0                              1.50    1.78   -0.28 (VIOLATED)
_36730_/S0                              1.50    1.78   -0.28 (VIOLATED)
_36736_/S0                              1.50    1.78   -0.28 (VIOLATED)
_36742_/S0                              1.50    1.78   -0.28 (VIOLATED)
_36748_/S0                              1.50    1.78   -0.28 (VIOLATED)
_36754_/S0                              1.50    1.78   -0.28 (VIOLATED)
_36259_/X                               1.51    1.78   -0.27 (VIOLATED)
_19991_/A                               1.50    1.77   -0.27 (VIOLATED)
_21763_/A                               1.50    1.77   -0.27 (VIOLATED)
_21964_/A                               1.50    1.77   -0.27 (VIOLATED)
_23995_/A                               1.50    1.77   -0.27 (VIOLATED)
_23996_/B1                              1.50    1.77   -0.27 (VIOLATED)
_24259_/B_N                             1.50    1.77   -0.27 (VIOLATED)
_35334_/A                               1.50    1.77   -0.27 (VIOLATED)
_35606_/S                               1.50    1.77   -0.27 (VIOLATED)
_35608_/S                               1.50    1.77   -0.27 (VIOLATED)
_35610_/S                               1.50    1.77   -0.27 (VIOLATED)
_35612_/S                               1.50    1.77   -0.27 (VIOLATED)
_35614_/S                               1.50    1.77   -0.27 (VIOLATED)
_35616_/S                               1.50    1.77   -0.27 (VIOLATED)
_35618_/S                               1.50    1.77   -0.27 (VIOLATED)
_35620_/S                               1.50    1.77   -0.27 (VIOLATED)
_35623_/S                               1.50    1.77   -0.27 (VIOLATED)
_35626_/S                               1.50    1.77   -0.27 (VIOLATED)
_35629_/S                               1.50    1.77   -0.27 (VIOLATED)
_35632_/S                               1.50    1.77   -0.27 (VIOLATED)
_35636_/S                               1.50    1.77   -0.27 (VIOLATED)
_35640_/S                               1.50    1.77   -0.27 (VIOLATED)
_35645_/S                               1.50    1.77   -0.27 (VIOLATED)
_35650_/S                               1.50    1.77   -0.27 (VIOLATED)
_35655_/S                               1.50    1.77   -0.27 (VIOLATED)
_35660_/S                               1.50    1.77   -0.27 (VIOLATED)
_35664_/S                               1.50    1.77   -0.27 (VIOLATED)
_35668_/S                               1.50    1.77   -0.27 (VIOLATED)
_35671_/S                               1.50    1.77   -0.27 (VIOLATED)
_35674_/S                               1.50    1.77   -0.27 (VIOLATED)
_35677_/S                               1.50    1.77   -0.27 (VIOLATED)
_35680_/S                               1.50    1.77   -0.27 (VIOLATED)
_35682_/S                               1.50    1.77   -0.27 (VIOLATED)
_35684_/S                               1.50    1.77   -0.27 (VIOLATED)
_35686_/S                               1.50    1.77   -0.27 (VIOLATED)
_35688_/S                               1.50    1.77   -0.27 (VIOLATED)
_35690_/S                               1.50    1.77   -0.27 (VIOLATED)
_35692_/S                               1.50    1.77   -0.27 (VIOLATED)
_35694_/S                               1.50    1.77   -0.27 (VIOLATED)
_35696_/S                               1.50    1.77   -0.27 (VIOLATED)
_35754_/S                               1.50    1.77   -0.27 (VIOLATED)
_35755_/S                               1.50    1.77   -0.27 (VIOLATED)
_35756_/S                               1.50    1.77   -0.27 (VIOLATED)
_35757_/S                               1.50    1.77   -0.27 (VIOLATED)
_35758_/S                               1.50    1.77   -0.27 (VIOLATED)
_35759_/S                               1.50    1.77   -0.27 (VIOLATED)
_35760_/S                               1.50    1.77   -0.27 (VIOLATED)
_35761_/S                               1.50    1.77   -0.27 (VIOLATED)
_35762_/S                               1.50    1.77   -0.27 (VIOLATED)
_35766_/S                               1.50    1.77   -0.27 (VIOLATED)
_35770_/S                               1.50    1.77   -0.27 (VIOLATED)
_35774_/S                               1.50    1.77   -0.27 (VIOLATED)
_35778_/S                               1.50    1.77   -0.27 (VIOLATED)
_35789_/S                               1.50    1.77   -0.27 (VIOLATED)
_35800_/S                               1.50    1.77   -0.27 (VIOLATED)
_35826_/S                               1.50    1.77   -0.27 (VIOLATED)
_36288_/S                               1.50    1.77   -0.27 (VIOLATED)
_36289_/S                               1.50    1.77   -0.27 (VIOLATED)
_36290_/S                               1.50    1.77   -0.27 (VIOLATED)
_36291_/S                               1.50    1.77   -0.27 (VIOLATED)
_36292_/S                               1.50    1.77   -0.27 (VIOLATED)
_36293_/S                               1.50    1.77   -0.27 (VIOLATED)
_36294_/S                               1.50    1.77   -0.27 (VIOLATED)
_36295_/S                               1.50    1.77   -0.27 (VIOLATED)
_37959_/Q                               1.51    1.77   -0.26 (VIOLATED)
_36755_/S0                              1.50    1.56   -0.06 (VIOLATED)
_36756_/S0                              1.50    1.56   -0.06 (VIOLATED)
_36757_/S0                              1.50    1.56   -0.06 (VIOLATED)
_36758_/S0                              1.50    1.56   -0.06 (VIOLATED)
_36759_/S0                              1.50    1.56   -0.06 (VIOLATED)
_36760_/S0                              1.50    1.56   -0.06 (VIOLATED)
_36761_/S0                              1.50    1.56   -0.06 (VIOLATED)
_36762_/S0                              1.50    1.56   -0.06 (VIOLATED)
_36763_/S0                              1.50    1.56   -0.06 (VIOLATED)
_36764_/S0                              1.50    1.56   -0.06 (VIOLATED)
_36765_/S0                              1.50    1.56   -0.06 (VIOLATED)
_36766_/S0                              1.50    1.56   -0.06 (VIOLATED)
_36767_/S0                              1.50    1.56   -0.06 (VIOLATED)
_36768_/S0                              1.50    1.56   -0.06 (VIOLATED)
_36769_/S0                              1.50    1.56   -0.06 (VIOLATED)
_36770_/S0                              1.50    1.56   -0.06 (VIOLATED)
_36771_/S0                              1.50    1.56   -0.06 (VIOLATED)
_36772_/S0                              1.50    1.56   -0.06 (VIOLATED)
_36773_/S0                              1.50    1.56   -0.06 (VIOLATED)
_36774_/S0                              1.50    1.56   -0.06 (VIOLATED)
_36775_/S0                              1.50    1.56   -0.06 (VIOLATED)
_36776_/S0                              1.50    1.56   -0.06 (VIOLATED)
_36777_/S0                              1.50    1.56   -0.06 (VIOLATED)
_36778_/S0                              1.50    1.56   -0.06 (VIOLATED)
_36779_/S0                              1.50    1.56   -0.06 (VIOLATED)
_36780_/S0                              1.50    1.56   -0.06 (VIOLATED)
_36781_/S0                              1.50    1.56   -0.06 (VIOLATED)
_36782_/S0                              1.50    1.56   -0.06 (VIOLATED)
_36783_/S0                              1.50    1.56   -0.06 (VIOLATED)
_35339_/X                               1.51    1.56   -0.05 (VIOLATED)
_19989_/A                               1.50    1.52   -0.02 (VIOLATED)
_20676_/B                               1.50    1.52   -0.02 (VIOLATED)
_21761_/A                               1.50    1.52   -0.02 (VIOLATED)
_21970_/A                               1.50    1.52   -0.02 (VIOLATED)
_21971_/A                               1.50    1.52   -0.02 (VIOLATED)
_24002_/B1                              1.50    1.52   -0.02 (VIOLATED)
_35335_/A                               1.50    1.52   -0.02 (VIOLATED)
_35607_/S                               1.50    1.52   -0.02 (VIOLATED)
_35609_/S                               1.50    1.52   -0.02 (VIOLATED)
_35611_/S                               1.50    1.52   -0.02 (VIOLATED)
_35613_/S                               1.50    1.52   -0.02 (VIOLATED)
_35615_/S                               1.50    1.52   -0.02 (VIOLATED)
_35617_/S                               1.50    1.52   -0.02 (VIOLATED)
_35619_/S                               1.50    1.52   -0.02 (VIOLATED)
_35621_/S                               1.50    1.52   -0.02 (VIOLATED)
_35624_/S                               1.50    1.52   -0.02 (VIOLATED)
_35627_/S                               1.50    1.52   -0.02 (VIOLATED)
_35630_/S                               1.50    1.52   -0.02 (VIOLATED)
_35633_/S                               1.50    1.52   -0.02 (VIOLATED)
_35637_/S                               1.50    1.52   -0.02 (VIOLATED)
_35641_/S                               1.50    1.52   -0.02 (VIOLATED)
_35646_/S                               1.50    1.52   -0.02 (VIOLATED)
_35651_/S                               1.50    1.52   -0.02 (VIOLATED)
_35656_/S                               1.50    1.52   -0.02 (VIOLATED)
_35661_/S                               1.50    1.52   -0.02 (VIOLATED)
_35665_/S                               1.50    1.52   -0.02 (VIOLATED)
_35669_/S                               1.50    1.52   -0.02 (VIOLATED)
_35672_/S                               1.50    1.52   -0.02 (VIOLATED)
_35675_/S                               1.50    1.52   -0.02 (VIOLATED)
_35678_/S                               1.50    1.52   -0.02 (VIOLATED)
_35681_/S                               1.50    1.52   -0.02 (VIOLATED)
_35683_/S                               1.50    1.52   -0.02 (VIOLATED)
_35685_/S                               1.50    1.52   -0.02 (VIOLATED)
_35687_/S                               1.50    1.52   -0.02 (VIOLATED)
_35689_/S                               1.50    1.52   -0.02 (VIOLATED)
_35691_/S                               1.50    1.52   -0.02 (VIOLATED)
_35693_/S                               1.50    1.52   -0.02 (VIOLATED)
_35695_/S                               1.50    1.52   -0.02 (VIOLATED)
_35697_/S                               1.50    1.52   -0.02 (VIOLATED)
_35698_/S                               1.50    1.52   -0.02 (VIOLATED)
_35699_/S                               1.50    1.52   -0.02 (VIOLATED)
_35700_/S                               1.50    1.52   -0.02 (VIOLATED)
_35701_/S                               1.50    1.52   -0.02 (VIOLATED)
_35702_/S                               1.50    1.52   -0.02 (VIOLATED)
_35703_/S                               1.50    1.52   -0.02 (VIOLATED)
_35704_/S                               1.50    1.52   -0.02 (VIOLATED)
_35705_/S                               1.50    1.52   -0.02 (VIOLATED)
_35706_/S                               1.50    1.52   -0.02 (VIOLATED)
_35707_/S                               1.50    1.52   -0.02 (VIOLATED)
_35708_/S                               1.50    1.52   -0.02 (VIOLATED)
_35709_/S                               1.50    1.52   -0.02 (VIOLATED)
_35710_/S                               1.50    1.52   -0.02 (VIOLATED)
_35711_/S                               1.50    1.52   -0.02 (VIOLATED)
_35712_/S                               1.50    1.52   -0.02 (VIOLATED)
_35713_/S                               1.50    1.52   -0.02 (VIOLATED)
_37960_/Q                               1.51    1.52   -0.02 (VIOLATED)

max capacitance

Pin                                    Limit     Cap   Slack
------------------------------------------------------------
_36261_/X                               0.23    0.63   -0.40 (VIOLATED)
_36260_/X                               0.23    0.42   -0.19 (VIOLATED)

